Archive member included to satisfy reference by file (symbol)

libCMSIS_F1.a(startup_stm32f103xb.s.o)
                              (Reset_Handler)
libCMSIS_F1.a(system_stm32f1xx.c.o)
                              libCMSIS_F1.a(startup_stm32f103xb.s.o) (SystemInit)
libSSTM.a(SSTM_GPIO.cpp.o)    CMakeFiles/cm3test.elf.dir/src/cm3test/main.cpp.o (SSTM_GPIO::SSTM_GPIO())
libSSTM.a(SSTM_SysTick.cpp.o)
                              CMakeFiles/cm3test.elf.dir/src/cm3test/main.cpp.o (SSTM_SysTick_Delay(unsigned long))
libSSTM.a(SSTM.cpp.o)         CMakeFiles/cm3test.elf.dir/src/cm3test/main.cpp.o (SSTM_Init())
/usr/lib/gcc/arm-none-eabi/8.2.0/thumb/v7-m/nofp/libgcc.a(unwind-arm.o)
                              libSSTM.a(SSTM_SysTick.cpp.o) (__aeabi_unwind_cpp_pr0)
/usr/lib/gcc/arm-none-eabi/8.2.0/thumb/v7-m/nofp/libgcc.a(libunwind.o)
                              /usr/lib/gcc/arm-none-eabi/8.2.0/thumb/v7-m/nofp/libgcc.a(unwind-arm.o) (restore_core_regs)
/usr/lib/gcc/arm-none-eabi/8.2.0/thumb/v7-m/nofp/libgcc.a(pr-support.o)
                              /usr/lib/gcc/arm-none-eabi/8.2.0/thumb/v7-m/nofp/libgcc.a(unwind-arm.o) (__gnu_unwind_execute)
/usr/lib/gcc/arm-none-eabi/8.2.0/../../../../arm-none-eabi/lib/thumb/v7-m/nofp/libg.a(lib_a-abort.o)
                              /usr/lib/gcc/arm-none-eabi/8.2.0/thumb/v7-m/nofp/libgcc.a(unwind-arm.o) (abort)
/usr/lib/gcc/arm-none-eabi/8.2.0/../../../../arm-none-eabi/lib/thumb/v7-m/nofp/libg.a(lib_a-atexit.o)
                              /usr/lib/gcc/arm-none-eabi/8.2.0/../../../../arm-none-eabi/lib/thumb/v7-m/nofp/crt0.o (atexit)
/usr/lib/gcc/arm-none-eabi/8.2.0/../../../../arm-none-eabi/lib/thumb/v7-m/nofp/libg.a(lib_a-exit.o)
                              /usr/lib/gcc/arm-none-eabi/8.2.0/../../../../arm-none-eabi/lib/thumb/v7-m/nofp/crt0.o (exit)
/usr/lib/gcc/arm-none-eabi/8.2.0/../../../../arm-none-eabi/lib/thumb/v7-m/nofp/libg.a(lib_a-fini.o)
                              /usr/lib/gcc/arm-none-eabi/8.2.0/../../../../arm-none-eabi/lib/thumb/v7-m/nofp/crt0.o (__libc_fini_array)
/usr/lib/gcc/arm-none-eabi/8.2.0/../../../../arm-none-eabi/lib/thumb/v7-m/nofp/libg.a(lib_a-impure.o)
                              /usr/lib/gcc/arm-none-eabi/8.2.0/../../../../arm-none-eabi/lib/thumb/v7-m/nofp/libg.a(lib_a-exit.o) (_global_impure_ptr)
/usr/lib/gcc/arm-none-eabi/8.2.0/../../../../arm-none-eabi/lib/thumb/v7-m/nofp/libg.a(lib_a-init.o)
                              /usr/lib/gcc/arm-none-eabi/8.2.0/../../../../arm-none-eabi/lib/thumb/v7-m/nofp/crt0.o (__libc_init_array)
/usr/lib/gcc/arm-none-eabi/8.2.0/../../../../arm-none-eabi/lib/thumb/v7-m/nofp/libg.a(lib_a-memcpy.o)
                              /usr/lib/gcc/arm-none-eabi/8.2.0/thumb/v7-m/nofp/libgcc.a(unwind-arm.o) (memcpy)
/usr/lib/gcc/arm-none-eabi/8.2.0/../../../../arm-none-eabi/lib/thumb/v7-m/nofp/libg.a(lib_a-memset.o)
                              /usr/lib/gcc/arm-none-eabi/8.2.0/../../../../arm-none-eabi/lib/thumb/v7-m/nofp/crt0.o (memset)
/usr/lib/gcc/arm-none-eabi/8.2.0/../../../../arm-none-eabi/lib/thumb/v7-m/nofp/libg.a(lib_a-signal.o)
                              /usr/lib/gcc/arm-none-eabi/8.2.0/../../../../arm-none-eabi/lib/thumb/v7-m/nofp/libg.a(lib_a-abort.o) (raise)
/usr/lib/gcc/arm-none-eabi/8.2.0/../../../../arm-none-eabi/lib/thumb/v7-m/nofp/libg.a(lib_a-signalr.o)
                              /usr/lib/gcc/arm-none-eabi/8.2.0/../../../../arm-none-eabi/lib/thumb/v7-m/nofp/libg.a(lib_a-signal.o) (_kill_r)
/usr/lib/gcc/arm-none-eabi/8.2.0/../../../../arm-none-eabi/lib/thumb/v7-m/nofp/libg.a(lib_a-__atexit.o)
                              /usr/lib/gcc/arm-none-eabi/8.2.0/../../../../arm-none-eabi/lib/thumb/v7-m/nofp/libg.a(lib_a-atexit.o) (__register_exitproc)
/usr/lib/gcc/arm-none-eabi/8.2.0/../../../../arm-none-eabi/lib/thumb/v7-m/nofp/libg.a(lib_a-__call_atexit.o)
                              /usr/lib/gcc/arm-none-eabi/8.2.0/../../../../arm-none-eabi/lib/thumb/v7-m/nofp/libg.a(lib_a-exit.o) (__call_exitprocs)
/usr/lib/gcc/arm-none-eabi/8.2.0/../../../../arm-none-eabi/lib/thumb/v7-m/nofp/libg.a(lib_a-mallocr.o)
                              /usr/lib/gcc/arm-none-eabi/8.2.0/../../../../arm-none-eabi/lib/thumb/v7-m/nofp/libg.a(lib_a-signal.o) (_malloc_r)
/usr/lib/gcc/arm-none-eabi/8.2.0/../../../../arm-none-eabi/lib/thumb/v7-m/nofp/libg.a(lib_a-mlock.o)
                              /usr/lib/gcc/arm-none-eabi/8.2.0/../../../../arm-none-eabi/lib/thumb/v7-m/nofp/libg.a(lib_a-mallocr.o) (__malloc_lock)
/usr/lib/gcc/arm-none-eabi/8.2.0/../../../../arm-none-eabi/lib/thumb/v7-m/nofp/libg.a(lib_a-reent.o)
                              /usr/lib/gcc/arm-none-eabi/8.2.0/../../../../arm-none-eabi/lib/thumb/v7-m/nofp/libg.a(lib_a-signalr.o) (errno)
/usr/lib/gcc/arm-none-eabi/8.2.0/../../../../arm-none-eabi/lib/thumb/v7-m/nofp/libg.a(lib_a-sbrkr.o)
                              /usr/lib/gcc/arm-none-eabi/8.2.0/../../../../arm-none-eabi/lib/thumb/v7-m/nofp/libg.a(lib_a-mallocr.o) (_sbrk_r)
/usr/lib/gcc/arm-none-eabi/8.2.0/../../../../arm-none-eabi/lib/thumb/v7-m/nofp/libg.a(lib_a-freer.o)
                              /usr/lib/gcc/arm-none-eabi/8.2.0/../../../../arm-none-eabi/lib/thumb/v7-m/nofp/libg.a(lib_a-mallocr.o) (_free_r)
/usr/lib/gcc/arm-none-eabi/8.2.0/../../../../arm-none-eabi/lib/thumb/v7-m/nofp/libnosys.a(getpid.o)
                              /usr/lib/gcc/arm-none-eabi/8.2.0/../../../../arm-none-eabi/lib/thumb/v7-m/nofp/libg.a(lib_a-signalr.o) (_getpid)
/usr/lib/gcc/arm-none-eabi/8.2.0/../../../../arm-none-eabi/lib/thumb/v7-m/nofp/libnosys.a(kill.o)
                              /usr/lib/gcc/arm-none-eabi/8.2.0/../../../../arm-none-eabi/lib/thumb/v7-m/nofp/libg.a(lib_a-signalr.o) (_kill)
/usr/lib/gcc/arm-none-eabi/8.2.0/../../../../arm-none-eabi/lib/thumb/v7-m/nofp/libnosys.a(sbrk.o)
                              /usr/lib/gcc/arm-none-eabi/8.2.0/../../../../arm-none-eabi/lib/thumb/v7-m/nofp/libg.a(lib_a-sbrkr.o) (_sbrk)
/usr/lib/gcc/arm-none-eabi/8.2.0/../../../../arm-none-eabi/lib/thumb/v7-m/nofp/libnosys.a(_exit.o)
                              /usr/lib/gcc/arm-none-eabi/8.2.0/../../../../arm-none-eabi/lib/thumb/v7-m/nofp/libg.a(lib_a-abort.o) (_exit)

Allocating common symbols
Common symbol       size              file

errno               0x4               /usr/lib/gcc/arm-none-eabi/8.2.0/../../../../arm-none-eabi/lib/thumb/v7-m/nofp/libg.a(lib_a-reent.o)

Discarded input sections

 .text          0x0000000000000000        0x0 /usr/lib/gcc/arm-none-eabi/8.2.0/thumb/v7-m/nofp/crti.o
 .data          0x0000000000000000        0x0 /usr/lib/gcc/arm-none-eabi/8.2.0/thumb/v7-m/nofp/crti.o
 .bss           0x0000000000000000        0x0 /usr/lib/gcc/arm-none-eabi/8.2.0/thumb/v7-m/nofp/crti.o
 .text          0x0000000000000000        0x0 /usr/lib/gcc/arm-none-eabi/8.2.0/thumb/v7-m/nofp/crtbegin.o
 .data          0x0000000000000000        0x0 /usr/lib/gcc/arm-none-eabi/8.2.0/thumb/v7-m/nofp/crtbegin.o
 .bss           0x0000000000000000        0x0 /usr/lib/gcc/arm-none-eabi/8.2.0/thumb/v7-m/nofp/crtbegin.o
 .data.__dso_handle
                0x0000000000000000        0x4 /usr/lib/gcc/arm-none-eabi/8.2.0/thumb/v7-m/nofp/crtbegin.o
 .text          0x0000000000000000       0x68 /usr/lib/gcc/arm-none-eabi/8.2.0/../../../../arm-none-eabi/lib/thumb/v7-m/nofp/crt0.o
 .data          0x0000000000000000        0x0 /usr/lib/gcc/arm-none-eabi/8.2.0/../../../../arm-none-eabi/lib/thumb/v7-m/nofp/crt0.o
 .bss           0x0000000000000000        0x0 /usr/lib/gcc/arm-none-eabi/8.2.0/../../../../arm-none-eabi/lib/thumb/v7-m/nofp/crt0.o
 .ARM.extab     0x0000000000000000        0x0 /usr/lib/gcc/arm-none-eabi/8.2.0/../../../../arm-none-eabi/lib/thumb/v7-m/nofp/crt0.o
 .ARM.exidx     0x0000000000000000        0x8 /usr/lib/gcc/arm-none-eabi/8.2.0/../../../../arm-none-eabi/lib/thumb/v7-m/nofp/crt0.o
 .ARM.attributes
                0x0000000000000000       0x1b /usr/lib/gcc/arm-none-eabi/8.2.0/../../../../arm-none-eabi/lib/thumb/v7-m/nofp/crt0.o
 .data          0x0000000000000000        0x0 CMakeFiles/cm3test.elf.dir/src/cm3test/main.cpp.o
 .bss           0x0000000000000000        0x0 CMakeFiles/cm3test.elf.dir/src/cm3test/main.cpp.o
 .text          0x0000000000000000       0x14 libCMSIS_F1.a(startup_stm32f103xb.s.o)
 .data          0x0000000000000000        0x0 libCMSIS_F1.a(startup_stm32f103xb.s.o)
 .bss           0x0000000000000000        0x0 libCMSIS_F1.a(startup_stm32f103xb.s.o)
 .bss           0x0000000000000000        0x0 libCMSIS_F1.a(system_stm32f1xx.c.o)
 .data          0x0000000000000000        0x0 libSSTM.a(SSTM_GPIO.cpp.o)
 .bss           0x0000000000000000        0x0 libSSTM.a(SSTM_GPIO.cpp.o)
 .ARM.extab     0x0000000000000000        0x0 libSSTM.a(SSTM_GPIO.cpp.o)
 .data          0x0000000000000000        0x0 libSSTM.a(SSTM_SysTick.cpp.o)
 .ARM.extab     0x0000000000000000        0x0 libSSTM.a(SSTM_SysTick.cpp.o)
 .data          0x0000000000000000        0x0 libSSTM.a(SSTM.cpp.o)
 .bss           0x0000000000000000        0x0 libSSTM.a(SSTM.cpp.o)
 .ARM.extab     0x0000000000000000        0x0 libSSTM.a(SSTM.cpp.o)
 .text          0x0000000000000000        0x0 /usr/lib/gcc/arm-none-eabi/8.2.0/thumb/v7-m/nofp/libgcc.a(unwind-arm.o)
 .data          0x0000000000000000        0x0 /usr/lib/gcc/arm-none-eabi/8.2.0/thumb/v7-m/nofp/libgcc.a(unwind-arm.o)
 .bss           0x0000000000000000        0x0 /usr/lib/gcc/arm-none-eabi/8.2.0/thumb/v7-m/nofp/libgcc.a(unwind-arm.o)
 .ARM.extab.text.selfrel_offset31
                0x0000000000000000        0x0 /usr/lib/gcc/arm-none-eabi/8.2.0/thumb/v7-m/nofp/libgcc.a(unwind-arm.o)
 .ARM.extab.text.search_EIT_table
                0x0000000000000000        0x0 /usr/lib/gcc/arm-none-eabi/8.2.0/thumb/v7-m/nofp/libgcc.a(unwind-arm.o)
 .ARM.extab.text.__gnu_unwind_get_pr_addr
                0x0000000000000000        0x0 /usr/lib/gcc/arm-none-eabi/8.2.0/thumb/v7-m/nofp/libgcc.a(unwind-arm.o)
 .ARM.extab.text.get_eit_entry
                0x0000000000000000        0x0 /usr/lib/gcc/arm-none-eabi/8.2.0/thumb/v7-m/nofp/libgcc.a(unwind-arm.o)
 .ARM.extab.text.restore_non_core_regs
                0x0000000000000000        0x0 /usr/lib/gcc/arm-none-eabi/8.2.0/thumb/v7-m/nofp/libgcc.a(unwind-arm.o)
 .ARM.extab.text._Unwind_decode_typeinfo_ptr.isra.0
                0x0000000000000000        0x0 /usr/lib/gcc/arm-none-eabi/8.2.0/thumb/v7-m/nofp/libgcc.a(unwind-arm.o)
 .text.__gnu_unwind_24bit.isra.1
                0x0000000000000000        0x4 /usr/lib/gcc/arm-none-eabi/8.2.0/thumb/v7-m/nofp/libgcc.a(unwind-arm.o)
 .ARM.extab.text.__gnu_unwind_24bit.isra.1
                0x0000000000000000        0x0 /usr/lib/gcc/arm-none-eabi/8.2.0/thumb/v7-m/nofp/libgcc.a(unwind-arm.o)
 .ARM.exidx.text.__gnu_unwind_24bit.isra.1
                0x0000000000000000        0x8 /usr/lib/gcc/arm-none-eabi/8.2.0/thumb/v7-m/nofp/libgcc.a(unwind-arm.o)
 .ARM.extab.text._Unwind_DebugHook
                0x0000000000000000        0x0 /usr/lib/gcc/arm-none-eabi/8.2.0/thumb/v7-m/nofp/libgcc.a(unwind-arm.o)
 .ARM.extab.text.unwind_phase2
                0x0000000000000000        0x0 /usr/lib/gcc/arm-none-eabi/8.2.0/thumb/v7-m/nofp/libgcc.a(unwind-arm.o)
 .ARM.extab.text.unwind_phase2_forced
                0x0000000000000000        0x0 /usr/lib/gcc/arm-none-eabi/8.2.0/thumb/v7-m/nofp/libgcc.a(unwind-arm.o)
 .text._Unwind_GetCFA
                0x0000000000000000        0x4 /usr/lib/gcc/arm-none-eabi/8.2.0/thumb/v7-m/nofp/libgcc.a(unwind-arm.o)
 .ARM.extab.text._Unwind_GetCFA
                0x0000000000000000        0x0 /usr/lib/gcc/arm-none-eabi/8.2.0/thumb/v7-m/nofp/libgcc.a(unwind-arm.o)
 .ARM.exidx.text._Unwind_GetCFA
                0x0000000000000000        0x8 /usr/lib/gcc/arm-none-eabi/8.2.0/thumb/v7-m/nofp/libgcc.a(unwind-arm.o)
 .ARM.extab.text.__gnu_Unwind_RaiseException
                0x0000000000000000        0x0 /usr/lib/gcc/arm-none-eabi/8.2.0/thumb/v7-m/nofp/libgcc.a(unwind-arm.o)
 .ARM.extab.text.__gnu_Unwind_ForcedUnwind
                0x0000000000000000        0x0 /usr/lib/gcc/arm-none-eabi/8.2.0/thumb/v7-m/nofp/libgcc.a(unwind-arm.o)
 .ARM.extab.text.__gnu_Unwind_Resume
                0x0000000000000000        0x0 /usr/lib/gcc/arm-none-eabi/8.2.0/thumb/v7-m/nofp/libgcc.a(unwind-arm.o)
 .ARM.extab.text.__gnu_Unwind_Resume_or_Rethrow
                0x0000000000000000        0x0 /usr/lib/gcc/arm-none-eabi/8.2.0/thumb/v7-m/nofp/libgcc.a(unwind-arm.o)
 .text._Unwind_Complete
                0x0000000000000000        0x2 /usr/lib/gcc/arm-none-eabi/8.2.0/thumb/v7-m/nofp/libgcc.a(unwind-arm.o)
 .ARM.extab.text._Unwind_Complete
                0x0000000000000000        0x0 /usr/lib/gcc/arm-none-eabi/8.2.0/thumb/v7-m/nofp/libgcc.a(unwind-arm.o)
 .ARM.exidx.text._Unwind_Complete
                0x0000000000000000        0x8 /usr/lib/gcc/arm-none-eabi/8.2.0/thumb/v7-m/nofp/libgcc.a(unwind-arm.o)
 .text._Unwind_DeleteException
                0x0000000000000000        0xc /usr/lib/gcc/arm-none-eabi/8.2.0/thumb/v7-m/nofp/libgcc.a(unwind-arm.o)
 .ARM.extab.text._Unwind_DeleteException
                0x0000000000000000        0x0 /usr/lib/gcc/arm-none-eabi/8.2.0/thumb/v7-m/nofp/libgcc.a(unwind-arm.o)
 .ARM.exidx.text._Unwind_DeleteException
                0x0000000000000000        0x8 /usr/lib/gcc/arm-none-eabi/8.2.0/thumb/v7-m/nofp/libgcc.a(unwind-arm.o)
 .ARM.extab.text._Unwind_VRS_Get
                0x0000000000000000        0x0 /usr/lib/gcc/arm-none-eabi/8.2.0/thumb/v7-m/nofp/libgcc.a(unwind-arm.o)
 .ARM.extab.text._Unwind_GetGR
                0x0000000000000000        0x0 /usr/lib/gcc/arm-none-eabi/8.2.0/thumb/v7-m/nofp/libgcc.a(unwind-arm.o)
 .ARM.extab.text._Unwind_VRS_Set
                0x0000000000000000        0x0 /usr/lib/gcc/arm-none-eabi/8.2.0/thumb/v7-m/nofp/libgcc.a(unwind-arm.o)
 .ARM.extab.text._Unwind_SetGR
                0x0000000000000000        0x0 /usr/lib/gcc/arm-none-eabi/8.2.0/thumb/v7-m/nofp/libgcc.a(unwind-arm.o)
 .ARM.extab.text.__gnu_Unwind_Backtrace
                0x0000000000000000        0x0 /usr/lib/gcc/arm-none-eabi/8.2.0/thumb/v7-m/nofp/libgcc.a(unwind-arm.o)
 .ARM.extab.text.__gnu_unwind_pr_common
                0x0000000000000000        0x0 /usr/lib/gcc/arm-none-eabi/8.2.0/thumb/v7-m/nofp/libgcc.a(unwind-arm.o)
 .ARM.extab.text.__aeabi_unwind_cpp_pr0
                0x0000000000000000        0x0 /usr/lib/gcc/arm-none-eabi/8.2.0/thumb/v7-m/nofp/libgcc.a(unwind-arm.o)
 .ARM.extab.text.__aeabi_unwind_cpp_pr1
                0x0000000000000000        0x0 /usr/lib/gcc/arm-none-eabi/8.2.0/thumb/v7-m/nofp/libgcc.a(unwind-arm.o)
 .ARM.extab.text.__aeabi_unwind_cpp_pr2
                0x0000000000000000        0x0 /usr/lib/gcc/arm-none-eabi/8.2.0/thumb/v7-m/nofp/libgcc.a(unwind-arm.o)
 .ARM.extab.text._Unwind_VRS_Pop
                0x0000000000000000        0x0 /usr/lib/gcc/arm-none-eabi/8.2.0/thumb/v7-m/nofp/libgcc.a(unwind-arm.o)
 .debug_frame   0x0000000000000000      0x2a8 /usr/lib/gcc/arm-none-eabi/8.2.0/thumb/v7-m/nofp/libgcc.a(unwind-arm.o)
 .ARM.attributes
                0x0000000000000000       0x2d /usr/lib/gcc/arm-none-eabi/8.2.0/thumb/v7-m/nofp/libgcc.a(unwind-arm.o)
 .data          0x0000000000000000        0x0 /usr/lib/gcc/arm-none-eabi/8.2.0/thumb/v7-m/nofp/libgcc.a(libunwind.o)
 .bss           0x0000000000000000        0x0 /usr/lib/gcc/arm-none-eabi/8.2.0/thumb/v7-m/nofp/libgcc.a(libunwind.o)
 .ARM.attributes
                0x0000000000000000       0x1d /usr/lib/gcc/arm-none-eabi/8.2.0/thumb/v7-m/nofp/libgcc.a(libunwind.o)
 .text          0x0000000000000000        0x0 /usr/lib/gcc/arm-none-eabi/8.2.0/thumb/v7-m/nofp/libgcc.a(pr-support.o)
 .data          0x0000000000000000        0x0 /usr/lib/gcc/arm-none-eabi/8.2.0/thumb/v7-m/nofp/libgcc.a(pr-support.o)
 .bss           0x0000000000000000        0x0 /usr/lib/gcc/arm-none-eabi/8.2.0/thumb/v7-m/nofp/libgcc.a(pr-support.o)
 .ARM.extab.text.next_unwind_byte
                0x0000000000000000        0x0 /usr/lib/gcc/arm-none-eabi/8.2.0/thumb/v7-m/nofp/libgcc.a(pr-support.o)
 .text._Unwind_GetGR.constprop.0
                0x0000000000000000       0x18 /usr/lib/gcc/arm-none-eabi/8.2.0/thumb/v7-m/nofp/libgcc.a(pr-support.o)
 .ARM.extab.text._Unwind_GetGR.constprop.0
                0x0000000000000000        0x0 /usr/lib/gcc/arm-none-eabi/8.2.0/thumb/v7-m/nofp/libgcc.a(pr-support.o)
 .ARM.exidx.text._Unwind_GetGR.constprop.0
                0x0000000000000000        0x8 /usr/lib/gcc/arm-none-eabi/8.2.0/thumb/v7-m/nofp/libgcc.a(pr-support.o)
 .text.unwind_UCB_from_context
                0x0000000000000000        0x4 /usr/lib/gcc/arm-none-eabi/8.2.0/thumb/v7-m/nofp/libgcc.a(pr-support.o)
 .ARM.extab.text.unwind_UCB_from_context
                0x0000000000000000        0x0 /usr/lib/gcc/arm-none-eabi/8.2.0/thumb/v7-m/nofp/libgcc.a(pr-support.o)
 .ARM.exidx.text.unwind_UCB_from_context
                0x0000000000000000        0x8 /usr/lib/gcc/arm-none-eabi/8.2.0/thumb/v7-m/nofp/libgcc.a(pr-support.o)
 .ARM.extab.text.__gnu_unwind_execute
                0x0000000000000000        0x0 /usr/lib/gcc/arm-none-eabi/8.2.0/thumb/v7-m/nofp/libgcc.a(pr-support.o)
 .text.__gnu_unwind_frame
                0x0000000000000000       0x2a /usr/lib/gcc/arm-none-eabi/8.2.0/thumb/v7-m/nofp/libgcc.a(pr-support.o)
 .ARM.extab.text.__gnu_unwind_frame
                0x0000000000000000        0x0 /usr/lib/gcc/arm-none-eabi/8.2.0/thumb/v7-m/nofp/libgcc.a(pr-support.o)
 .ARM.exidx.text.__gnu_unwind_frame
                0x0000000000000000        0x8 /usr/lib/gcc/arm-none-eabi/8.2.0/thumb/v7-m/nofp/libgcc.a(pr-support.o)
 .text._Unwind_GetRegionStart
                0x0000000000000000        0xa /usr/lib/gcc/arm-none-eabi/8.2.0/thumb/v7-m/nofp/libgcc.a(pr-support.o)
 .ARM.extab.text._Unwind_GetRegionStart
                0x0000000000000000        0xc /usr/lib/gcc/arm-none-eabi/8.2.0/thumb/v7-m/nofp/libgcc.a(pr-support.o)
 .ARM.exidx.text._Unwind_GetRegionStart
                0x0000000000000000        0x8 /usr/lib/gcc/arm-none-eabi/8.2.0/thumb/v7-m/nofp/libgcc.a(pr-support.o)
 .text._Unwind_GetLanguageSpecificData
                0x0000000000000000       0x12 /usr/lib/gcc/arm-none-eabi/8.2.0/thumb/v7-m/nofp/libgcc.a(pr-support.o)
 .ARM.extab.text._Unwind_GetLanguageSpecificData
                0x0000000000000000        0xc /usr/lib/gcc/arm-none-eabi/8.2.0/thumb/v7-m/nofp/libgcc.a(pr-support.o)
 .ARM.exidx.text._Unwind_GetLanguageSpecificData
                0x0000000000000000        0x8 /usr/lib/gcc/arm-none-eabi/8.2.0/thumb/v7-m/nofp/libgcc.a(pr-support.o)
 .text.unlikely._Unwind_GetDataRelBase
                0x0000000000000000        0x6 /usr/lib/gcc/arm-none-eabi/8.2.0/thumb/v7-m/nofp/libgcc.a(pr-support.o)
 .ARM.extab.text.unlikely._Unwind_GetDataRelBase
                0x0000000000000000        0x0 /usr/lib/gcc/arm-none-eabi/8.2.0/thumb/v7-m/nofp/libgcc.a(pr-support.o)
 .ARM.exidx.text.unlikely._Unwind_GetDataRelBase
                0x0000000000000000        0x8 /usr/lib/gcc/arm-none-eabi/8.2.0/thumb/v7-m/nofp/libgcc.a(pr-support.o)
 .text.unlikely._Unwind_GetTextRelBase
                0x0000000000000000        0x6 /usr/lib/gcc/arm-none-eabi/8.2.0/thumb/v7-m/nofp/libgcc.a(pr-support.o)
 .ARM.extab.text.unlikely._Unwind_GetTextRelBase
                0x0000000000000000        0x0 /usr/lib/gcc/arm-none-eabi/8.2.0/thumb/v7-m/nofp/libgcc.a(pr-support.o)
 .ARM.exidx.text.unlikely._Unwind_GetTextRelBase
                0x0000000000000000        0x8 /usr/lib/gcc/arm-none-eabi/8.2.0/thumb/v7-m/nofp/libgcc.a(pr-support.o)
 .debug_frame   0x0000000000000000       0xf0 /usr/lib/gcc/arm-none-eabi/8.2.0/thumb/v7-m/nofp/libgcc.a(pr-support.o)
 .ARM.attributes
                0x0000000000000000       0x2d /usr/lib/gcc/arm-none-eabi/8.2.0/thumb/v7-m/nofp/libgcc.a(pr-support.o)
 .text          0x0000000000000000        0x0 /usr/lib/gcc/arm-none-eabi/8.2.0/../../../../arm-none-eabi/lib/thumb/v7-m/nofp/libg.a(lib_a-abort.o)
 .data          0x0000000000000000        0x0 /usr/lib/gcc/arm-none-eabi/8.2.0/../../../../arm-none-eabi/lib/thumb/v7-m/nofp/libg.a(lib_a-abort.o)
 .bss           0x0000000000000000        0x0 /usr/lib/gcc/arm-none-eabi/8.2.0/../../../../arm-none-eabi/lib/thumb/v7-m/nofp/libg.a(lib_a-abort.o)
 .debug_frame   0x0000000000000000       0x28 /usr/lib/gcc/arm-none-eabi/8.2.0/../../../../arm-none-eabi/lib/thumb/v7-m/nofp/libg.a(lib_a-abort.o)
 .ARM.attributes
                0x0000000000000000       0x2d /usr/lib/gcc/arm-none-eabi/8.2.0/../../../../arm-none-eabi/lib/thumb/v7-m/nofp/libg.a(lib_a-abort.o)
 .text          0x0000000000000000        0x0 /usr/lib/gcc/arm-none-eabi/8.2.0/../../../../arm-none-eabi/lib/thumb/v7-m/nofp/libg.a(lib_a-atexit.o)
 .data          0x0000000000000000        0x0 /usr/lib/gcc/arm-none-eabi/8.2.0/../../../../arm-none-eabi/lib/thumb/v7-m/nofp/libg.a(lib_a-atexit.o)
 .bss           0x0000000000000000        0x0 /usr/lib/gcc/arm-none-eabi/8.2.0/../../../../arm-none-eabi/lib/thumb/v7-m/nofp/libg.a(lib_a-atexit.o)
 .text          0x0000000000000000        0x0 /usr/lib/gcc/arm-none-eabi/8.2.0/../../../../arm-none-eabi/lib/thumb/v7-m/nofp/libg.a(lib_a-exit.o)
 .data          0x0000000000000000        0x0 /usr/lib/gcc/arm-none-eabi/8.2.0/../../../../arm-none-eabi/lib/thumb/v7-m/nofp/libg.a(lib_a-exit.o)
 .bss           0x0000000000000000        0x0 /usr/lib/gcc/arm-none-eabi/8.2.0/../../../../arm-none-eabi/lib/thumb/v7-m/nofp/libg.a(lib_a-exit.o)
 .text.exit     0x0000000000000000       0x20 /usr/lib/gcc/arm-none-eabi/8.2.0/../../../../arm-none-eabi/lib/thumb/v7-m/nofp/libg.a(lib_a-exit.o)
 .debug_frame   0x0000000000000000       0x28 /usr/lib/gcc/arm-none-eabi/8.2.0/../../../../arm-none-eabi/lib/thumb/v7-m/nofp/libg.a(lib_a-exit.o)
 .ARM.attributes
                0x0000000000000000       0x2d /usr/lib/gcc/arm-none-eabi/8.2.0/../../../../arm-none-eabi/lib/thumb/v7-m/nofp/libg.a(lib_a-exit.o)
 .text          0x0000000000000000        0x0 /usr/lib/gcc/arm-none-eabi/8.2.0/../../../../arm-none-eabi/lib/thumb/v7-m/nofp/libg.a(lib_a-fini.o)
 .data          0x0000000000000000        0x0 /usr/lib/gcc/arm-none-eabi/8.2.0/../../../../arm-none-eabi/lib/thumb/v7-m/nofp/libg.a(lib_a-fini.o)
 .bss           0x0000000000000000        0x0 /usr/lib/gcc/arm-none-eabi/8.2.0/../../../../arm-none-eabi/lib/thumb/v7-m/nofp/libg.a(lib_a-fini.o)
 .text          0x0000000000000000        0x0 /usr/lib/gcc/arm-none-eabi/8.2.0/../../../../arm-none-eabi/lib/thumb/v7-m/nofp/libg.a(lib_a-impure.o)
 .data          0x0000000000000000        0x0 /usr/lib/gcc/arm-none-eabi/8.2.0/../../../../arm-none-eabi/lib/thumb/v7-m/nofp/libg.a(lib_a-impure.o)
 .bss           0x0000000000000000        0x0 /usr/lib/gcc/arm-none-eabi/8.2.0/../../../../arm-none-eabi/lib/thumb/v7-m/nofp/libg.a(lib_a-impure.o)
 .text          0x0000000000000000        0x0 /usr/lib/gcc/arm-none-eabi/8.2.0/../../../../arm-none-eabi/lib/thumb/v7-m/nofp/libg.a(lib_a-init.o)
 .data          0x0000000000000000        0x0 /usr/lib/gcc/arm-none-eabi/8.2.0/../../../../arm-none-eabi/lib/thumb/v7-m/nofp/libg.a(lib_a-init.o)
 .bss           0x0000000000000000        0x0 /usr/lib/gcc/arm-none-eabi/8.2.0/../../../../arm-none-eabi/lib/thumb/v7-m/nofp/libg.a(lib_a-init.o)
 .data          0x0000000000000000        0x0 /usr/lib/gcc/arm-none-eabi/8.2.0/../../../../arm-none-eabi/lib/thumb/v7-m/nofp/libg.a(lib_a-memcpy.o)
 .bss           0x0000000000000000        0x0 /usr/lib/gcc/arm-none-eabi/8.2.0/../../../../arm-none-eabi/lib/thumb/v7-m/nofp/libg.a(lib_a-memcpy.o)
 .ARM.attributes
                0x0000000000000000       0x1b /usr/lib/gcc/arm-none-eabi/8.2.0/../../../../arm-none-eabi/lib/thumb/v7-m/nofp/libg.a(lib_a-memcpy.o)
 .text          0x0000000000000000        0x0 /usr/lib/gcc/arm-none-eabi/8.2.0/../../../../arm-none-eabi/lib/thumb/v7-m/nofp/libg.a(lib_a-memset.o)
 .data          0x0000000000000000        0x0 /usr/lib/gcc/arm-none-eabi/8.2.0/../../../../arm-none-eabi/lib/thumb/v7-m/nofp/libg.a(lib_a-memset.o)
 .bss           0x0000000000000000        0x0 /usr/lib/gcc/arm-none-eabi/8.2.0/../../../../arm-none-eabi/lib/thumb/v7-m/nofp/libg.a(lib_a-memset.o)
 .text.memset   0x0000000000000000       0xa0 /usr/lib/gcc/arm-none-eabi/8.2.0/../../../../arm-none-eabi/lib/thumb/v7-m/nofp/libg.a(lib_a-memset.o)
 .debug_frame   0x0000000000000000       0x38 /usr/lib/gcc/arm-none-eabi/8.2.0/../../../../arm-none-eabi/lib/thumb/v7-m/nofp/libg.a(lib_a-memset.o)
 .ARM.attributes
                0x0000000000000000       0x2d /usr/lib/gcc/arm-none-eabi/8.2.0/../../../../arm-none-eabi/lib/thumb/v7-m/nofp/libg.a(lib_a-memset.o)
 .text          0x0000000000000000        0x0 /usr/lib/gcc/arm-none-eabi/8.2.0/../../../../arm-none-eabi/lib/thumb/v7-m/nofp/libg.a(lib_a-signal.o)
 .data          0x0000000000000000        0x0 /usr/lib/gcc/arm-none-eabi/8.2.0/../../../../arm-none-eabi/lib/thumb/v7-m/nofp/libg.a(lib_a-signal.o)
 .bss           0x0000000000000000        0x0 /usr/lib/gcc/arm-none-eabi/8.2.0/../../../../arm-none-eabi/lib/thumb/v7-m/nofp/libg.a(lib_a-signal.o)
 .text._init_signal_r.part.0
                0x0000000000000000       0x28 /usr/lib/gcc/arm-none-eabi/8.2.0/../../../../arm-none-eabi/lib/thumb/v7-m/nofp/libg.a(lib_a-signal.o)
 .text._init_signal_r
                0x0000000000000000       0x10 /usr/lib/gcc/arm-none-eabi/8.2.0/../../../../arm-none-eabi/lib/thumb/v7-m/nofp/libg.a(lib_a-signal.o)
 .text._signal_r
                0x0000000000000000       0x38 /usr/lib/gcc/arm-none-eabi/8.2.0/../../../../arm-none-eabi/lib/thumb/v7-m/nofp/libg.a(lib_a-signal.o)
 .text.__sigtramp_r
                0x0000000000000000       0x54 /usr/lib/gcc/arm-none-eabi/8.2.0/../../../../arm-none-eabi/lib/thumb/v7-m/nofp/libg.a(lib_a-signal.o)
 .text.signal   0x0000000000000000       0x10 /usr/lib/gcc/arm-none-eabi/8.2.0/../../../../arm-none-eabi/lib/thumb/v7-m/nofp/libg.a(lib_a-signal.o)
 .text._init_signal
                0x0000000000000000       0x18 /usr/lib/gcc/arm-none-eabi/8.2.0/../../../../arm-none-eabi/lib/thumb/v7-m/nofp/libg.a(lib_a-signal.o)
 .text.__sigtramp
                0x0000000000000000       0x10 /usr/lib/gcc/arm-none-eabi/8.2.0/../../../../arm-none-eabi/lib/thumb/v7-m/nofp/libg.a(lib_a-signal.o)
 .debug_frame   0x0000000000000000       0xe0 /usr/lib/gcc/arm-none-eabi/8.2.0/../../../../arm-none-eabi/lib/thumb/v7-m/nofp/libg.a(lib_a-signal.o)
 .ARM.attributes
                0x0000000000000000       0x2d /usr/lib/gcc/arm-none-eabi/8.2.0/../../../../arm-none-eabi/lib/thumb/v7-m/nofp/libg.a(lib_a-signal.o)
 .text          0x0000000000000000        0x0 /usr/lib/gcc/arm-none-eabi/8.2.0/../../../../arm-none-eabi/lib/thumb/v7-m/nofp/libg.a(lib_a-signalr.o)
 .data          0x0000000000000000        0x0 /usr/lib/gcc/arm-none-eabi/8.2.0/../../../../arm-none-eabi/lib/thumb/v7-m/nofp/libg.a(lib_a-signalr.o)
 .bss           0x0000000000000000        0x0 /usr/lib/gcc/arm-none-eabi/8.2.0/../../../../arm-none-eabi/lib/thumb/v7-m/nofp/libg.a(lib_a-signalr.o)
 .debug_frame   0x0000000000000000       0x3c /usr/lib/gcc/arm-none-eabi/8.2.0/../../../../arm-none-eabi/lib/thumb/v7-m/nofp/libg.a(lib_a-signalr.o)
 .ARM.attributes
                0x0000000000000000       0x2d /usr/lib/gcc/arm-none-eabi/8.2.0/../../../../arm-none-eabi/lib/thumb/v7-m/nofp/libg.a(lib_a-signalr.o)
 .text          0x0000000000000000        0x0 /usr/lib/gcc/arm-none-eabi/8.2.0/../../../../arm-none-eabi/lib/thumb/v7-m/nofp/libg.a(lib_a-__atexit.o)
 .data          0x0000000000000000        0x0 /usr/lib/gcc/arm-none-eabi/8.2.0/../../../../arm-none-eabi/lib/thumb/v7-m/nofp/libg.a(lib_a-__atexit.o)
 .bss           0x0000000000000000        0x0 /usr/lib/gcc/arm-none-eabi/8.2.0/../../../../arm-none-eabi/lib/thumb/v7-m/nofp/libg.a(lib_a-__atexit.o)
 .text          0x0000000000000000        0x0 /usr/lib/gcc/arm-none-eabi/8.2.0/../../../../arm-none-eabi/lib/thumb/v7-m/nofp/libg.a(lib_a-__call_atexit.o)
 .data          0x0000000000000000        0x0 /usr/lib/gcc/arm-none-eabi/8.2.0/../../../../arm-none-eabi/lib/thumb/v7-m/nofp/libg.a(lib_a-__call_atexit.o)
 .bss           0x0000000000000000        0x0 /usr/lib/gcc/arm-none-eabi/8.2.0/../../../../arm-none-eabi/lib/thumb/v7-m/nofp/libg.a(lib_a-__call_atexit.o)
 .text.__call_exitprocs
                0x0000000000000000       0xd4 /usr/lib/gcc/arm-none-eabi/8.2.0/../../../../arm-none-eabi/lib/thumb/v7-m/nofp/libg.a(lib_a-__call_atexit.o)
 .text          0x0000000000000000        0x0 /usr/lib/gcc/arm-none-eabi/8.2.0/../../../../arm-none-eabi/lib/thumb/v7-m/nofp/libg.a(lib_a-mallocr.o)
 .data          0x0000000000000000        0x0 /usr/lib/gcc/arm-none-eabi/8.2.0/../../../../arm-none-eabi/lib/thumb/v7-m/nofp/libg.a(lib_a-mallocr.o)
 .bss           0x0000000000000000        0x0 /usr/lib/gcc/arm-none-eabi/8.2.0/../../../../arm-none-eabi/lib/thumb/v7-m/nofp/libg.a(lib_a-mallocr.o)
 .text._malloc_r
                0x0000000000000000      0x54c /usr/lib/gcc/arm-none-eabi/8.2.0/../../../../arm-none-eabi/lib/thumb/v7-m/nofp/libg.a(lib_a-mallocr.o)
 .bss.__malloc_current_mallinfo
                0x0000000000000000       0x28 /usr/lib/gcc/arm-none-eabi/8.2.0/../../../../arm-none-eabi/lib/thumb/v7-m/nofp/libg.a(lib_a-mallocr.o)
 .bss.__malloc_max_sbrked_mem
                0x0000000000000000        0x4 /usr/lib/gcc/arm-none-eabi/8.2.0/../../../../arm-none-eabi/lib/thumb/v7-m/nofp/libg.a(lib_a-mallocr.o)
 .bss.__malloc_max_total_mem
                0x0000000000000000        0x4 /usr/lib/gcc/arm-none-eabi/8.2.0/../../../../arm-none-eabi/lib/thumb/v7-m/nofp/libg.a(lib_a-mallocr.o)
 .bss.__malloc_top_pad
                0x0000000000000000        0x4 /usr/lib/gcc/arm-none-eabi/8.2.0/../../../../arm-none-eabi/lib/thumb/v7-m/nofp/libg.a(lib_a-mallocr.o)
 .data.__malloc_av_
                0x0000000000000000      0x408 /usr/lib/gcc/arm-none-eabi/8.2.0/../../../../arm-none-eabi/lib/thumb/v7-m/nofp/libg.a(lib_a-mallocr.o)
 .data.__malloc_sbrk_base
                0x0000000000000000        0x4 /usr/lib/gcc/arm-none-eabi/8.2.0/../../../../arm-none-eabi/lib/thumb/v7-m/nofp/libg.a(lib_a-mallocr.o)
 .data.__malloc_trim_threshold
                0x0000000000000000        0x4 /usr/lib/gcc/arm-none-eabi/8.2.0/../../../../arm-none-eabi/lib/thumb/v7-m/nofp/libg.a(lib_a-mallocr.o)
 .debug_frame   0x0000000000000000       0x4c /usr/lib/gcc/arm-none-eabi/8.2.0/../../../../arm-none-eabi/lib/thumb/v7-m/nofp/libg.a(lib_a-mallocr.o)
 .ARM.attributes
                0x0000000000000000       0x2d /usr/lib/gcc/arm-none-eabi/8.2.0/../../../../arm-none-eabi/lib/thumb/v7-m/nofp/libg.a(lib_a-mallocr.o)
 .text          0x0000000000000000        0x0 /usr/lib/gcc/arm-none-eabi/8.2.0/../../../../arm-none-eabi/lib/thumb/v7-m/nofp/libg.a(lib_a-mlock.o)
 .data          0x0000000000000000        0x0 /usr/lib/gcc/arm-none-eabi/8.2.0/../../../../arm-none-eabi/lib/thumb/v7-m/nofp/libg.a(lib_a-mlock.o)
 .bss           0x0000000000000000        0x0 /usr/lib/gcc/arm-none-eabi/8.2.0/../../../../arm-none-eabi/lib/thumb/v7-m/nofp/libg.a(lib_a-mlock.o)
 .text.__malloc_lock
                0x0000000000000000        0x4 /usr/lib/gcc/arm-none-eabi/8.2.0/../../../../arm-none-eabi/lib/thumb/v7-m/nofp/libg.a(lib_a-mlock.o)
 .text.__malloc_unlock
                0x0000000000000000        0x4 /usr/lib/gcc/arm-none-eabi/8.2.0/../../../../arm-none-eabi/lib/thumb/v7-m/nofp/libg.a(lib_a-mlock.o)
 .debug_frame   0x0000000000000000       0x30 /usr/lib/gcc/arm-none-eabi/8.2.0/../../../../arm-none-eabi/lib/thumb/v7-m/nofp/libg.a(lib_a-mlock.o)
 .ARM.attributes
                0x0000000000000000       0x2d /usr/lib/gcc/arm-none-eabi/8.2.0/../../../../arm-none-eabi/lib/thumb/v7-m/nofp/libg.a(lib_a-mlock.o)
 .text          0x0000000000000000        0x0 /usr/lib/gcc/arm-none-eabi/8.2.0/../../../../arm-none-eabi/lib/thumb/v7-m/nofp/libg.a(lib_a-reent.o)
 .data          0x0000000000000000        0x0 /usr/lib/gcc/arm-none-eabi/8.2.0/../../../../arm-none-eabi/lib/thumb/v7-m/nofp/libg.a(lib_a-reent.o)
 .bss           0x0000000000000000        0x0 /usr/lib/gcc/arm-none-eabi/8.2.0/../../../../arm-none-eabi/lib/thumb/v7-m/nofp/libg.a(lib_a-reent.o)
 .text.cleanup_glue
                0x0000000000000000       0x1c /usr/lib/gcc/arm-none-eabi/8.2.0/../../../../arm-none-eabi/lib/thumb/v7-m/nofp/libg.a(lib_a-reent.o)
 .text._reclaim_reent
                0x0000000000000000       0x88 /usr/lib/gcc/arm-none-eabi/8.2.0/../../../../arm-none-eabi/lib/thumb/v7-m/nofp/libg.a(lib_a-reent.o)
 .debug_frame   0x0000000000000000       0x60 /usr/lib/gcc/arm-none-eabi/8.2.0/../../../../arm-none-eabi/lib/thumb/v7-m/nofp/libg.a(lib_a-reent.o)
 .ARM.attributes
                0x0000000000000000       0x2d /usr/lib/gcc/arm-none-eabi/8.2.0/../../../../arm-none-eabi/lib/thumb/v7-m/nofp/libg.a(lib_a-reent.o)
 .text          0x0000000000000000        0x0 /usr/lib/gcc/arm-none-eabi/8.2.0/../../../../arm-none-eabi/lib/thumb/v7-m/nofp/libg.a(lib_a-sbrkr.o)
 .data          0x0000000000000000        0x0 /usr/lib/gcc/arm-none-eabi/8.2.0/../../../../arm-none-eabi/lib/thumb/v7-m/nofp/libg.a(lib_a-sbrkr.o)
 .bss           0x0000000000000000        0x0 /usr/lib/gcc/arm-none-eabi/8.2.0/../../../../arm-none-eabi/lib/thumb/v7-m/nofp/libg.a(lib_a-sbrkr.o)
 .text._sbrk_r  0x0000000000000000       0x24 /usr/lib/gcc/arm-none-eabi/8.2.0/../../../../arm-none-eabi/lib/thumb/v7-m/nofp/libg.a(lib_a-sbrkr.o)
 .debug_frame   0x0000000000000000       0x2c /usr/lib/gcc/arm-none-eabi/8.2.0/../../../../arm-none-eabi/lib/thumb/v7-m/nofp/libg.a(lib_a-sbrkr.o)
 .ARM.attributes
                0x0000000000000000       0x2d /usr/lib/gcc/arm-none-eabi/8.2.0/../../../../arm-none-eabi/lib/thumb/v7-m/nofp/libg.a(lib_a-sbrkr.o)
 .text          0x0000000000000000        0x0 /usr/lib/gcc/arm-none-eabi/8.2.0/../../../../arm-none-eabi/lib/thumb/v7-m/nofp/libg.a(lib_a-freer.o)
 .data          0x0000000000000000        0x0 /usr/lib/gcc/arm-none-eabi/8.2.0/../../../../arm-none-eabi/lib/thumb/v7-m/nofp/libg.a(lib_a-freer.o)
 .bss           0x0000000000000000        0x0 /usr/lib/gcc/arm-none-eabi/8.2.0/../../../../arm-none-eabi/lib/thumb/v7-m/nofp/libg.a(lib_a-freer.o)
 .text._malloc_trim_r
                0x0000000000000000       0xa0 /usr/lib/gcc/arm-none-eabi/8.2.0/../../../../arm-none-eabi/lib/thumb/v7-m/nofp/libg.a(lib_a-freer.o)
 .text._free_r  0x0000000000000000      0x1ec /usr/lib/gcc/arm-none-eabi/8.2.0/../../../../arm-none-eabi/lib/thumb/v7-m/nofp/libg.a(lib_a-freer.o)
 .debug_frame   0x0000000000000000       0x80 /usr/lib/gcc/arm-none-eabi/8.2.0/../../../../arm-none-eabi/lib/thumb/v7-m/nofp/libg.a(lib_a-freer.o)
 .ARM.attributes
                0x0000000000000000       0x2d /usr/lib/gcc/arm-none-eabi/8.2.0/../../../../arm-none-eabi/lib/thumb/v7-m/nofp/libg.a(lib_a-freer.o)
 .text          0x0000000000000000        0x0 /usr/lib/gcc/arm-none-eabi/8.2.0/../../../../arm-none-eabi/lib/thumb/v7-m/nofp/libnosys.a(getpid.o)
 .data          0x0000000000000000        0x0 /usr/lib/gcc/arm-none-eabi/8.2.0/../../../../arm-none-eabi/lib/thumb/v7-m/nofp/libnosys.a(getpid.o)
 .bss           0x0000000000000000        0x0 /usr/lib/gcc/arm-none-eabi/8.2.0/../../../../arm-none-eabi/lib/thumb/v7-m/nofp/libnosys.a(getpid.o)
 .stab          0x0000000000000000       0x24 /usr/lib/gcc/arm-none-eabi/8.2.0/../../../../arm-none-eabi/lib/thumb/v7-m/nofp/libnosys.a(getpid.o)
 .debug_frame   0x0000000000000000       0x20 /usr/lib/gcc/arm-none-eabi/8.2.0/../../../../arm-none-eabi/lib/thumb/v7-m/nofp/libnosys.a(getpid.o)
 .ARM.attributes
                0x0000000000000000       0x2d /usr/lib/gcc/arm-none-eabi/8.2.0/../../../../arm-none-eabi/lib/thumb/v7-m/nofp/libnosys.a(getpid.o)
 .text          0x0000000000000000        0x0 /usr/lib/gcc/arm-none-eabi/8.2.0/../../../../arm-none-eabi/lib/thumb/v7-m/nofp/libnosys.a(kill.o)
 .data          0x0000000000000000        0x0 /usr/lib/gcc/arm-none-eabi/8.2.0/../../../../arm-none-eabi/lib/thumb/v7-m/nofp/libnosys.a(kill.o)
 .bss           0x0000000000000000        0x0 /usr/lib/gcc/arm-none-eabi/8.2.0/../../../../arm-none-eabi/lib/thumb/v7-m/nofp/libnosys.a(kill.o)
 .stab          0x0000000000000000       0x18 /usr/lib/gcc/arm-none-eabi/8.2.0/../../../../arm-none-eabi/lib/thumb/v7-m/nofp/libnosys.a(kill.o)
                                         0x24 (size before relaxing)
 .debug_frame   0x0000000000000000       0x20 /usr/lib/gcc/arm-none-eabi/8.2.0/../../../../arm-none-eabi/lib/thumb/v7-m/nofp/libnosys.a(kill.o)
 .ARM.attributes
                0x0000000000000000       0x2d /usr/lib/gcc/arm-none-eabi/8.2.0/../../../../arm-none-eabi/lib/thumb/v7-m/nofp/libnosys.a(kill.o)
 .text          0x0000000000000000        0x0 /usr/lib/gcc/arm-none-eabi/8.2.0/../../../../arm-none-eabi/lib/thumb/v7-m/nofp/libnosys.a(sbrk.o)
 .data          0x0000000000000000        0x0 /usr/lib/gcc/arm-none-eabi/8.2.0/../../../../arm-none-eabi/lib/thumb/v7-m/nofp/libnosys.a(sbrk.o)
 .bss           0x0000000000000000        0x0 /usr/lib/gcc/arm-none-eabi/8.2.0/../../../../arm-none-eabi/lib/thumb/v7-m/nofp/libnosys.a(sbrk.o)
 .text._sbrk    0x0000000000000000       0x1c /usr/lib/gcc/arm-none-eabi/8.2.0/../../../../arm-none-eabi/lib/thumb/v7-m/nofp/libnosys.a(sbrk.o)
 .bss.heap_end.4194
                0x0000000000000000        0x4 /usr/lib/gcc/arm-none-eabi/8.2.0/../../../../arm-none-eabi/lib/thumb/v7-m/nofp/libnosys.a(sbrk.o)
 .debug_frame   0x0000000000000000       0x20 /usr/lib/gcc/arm-none-eabi/8.2.0/../../../../arm-none-eabi/lib/thumb/v7-m/nofp/libnosys.a(sbrk.o)
 .ARM.attributes
                0x0000000000000000       0x2d /usr/lib/gcc/arm-none-eabi/8.2.0/../../../../arm-none-eabi/lib/thumb/v7-m/nofp/libnosys.a(sbrk.o)
 .text          0x0000000000000000        0x0 /usr/lib/gcc/arm-none-eabi/8.2.0/../../../../arm-none-eabi/lib/thumb/v7-m/nofp/libnosys.a(_exit.o)
 .data          0x0000000000000000        0x0 /usr/lib/gcc/arm-none-eabi/8.2.0/../../../../arm-none-eabi/lib/thumb/v7-m/nofp/libnosys.a(_exit.o)
 .bss           0x0000000000000000        0x0 /usr/lib/gcc/arm-none-eabi/8.2.0/../../../../arm-none-eabi/lib/thumb/v7-m/nofp/libnosys.a(_exit.o)
 .debug_frame   0x0000000000000000       0x20 /usr/lib/gcc/arm-none-eabi/8.2.0/../../../../arm-none-eabi/lib/thumb/v7-m/nofp/libnosys.a(_exit.o)
 .ARM.attributes
                0x0000000000000000       0x2d /usr/lib/gcc/arm-none-eabi/8.2.0/../../../../arm-none-eabi/lib/thumb/v7-m/nofp/libnosys.a(_exit.o)
 .text          0x0000000000000000        0x0 /usr/lib/gcc/arm-none-eabi/8.2.0/thumb/v7-m/nofp/crtend.o
 .data          0x0000000000000000        0x0 /usr/lib/gcc/arm-none-eabi/8.2.0/thumb/v7-m/nofp/crtend.o
 .bss           0x0000000000000000        0x0 /usr/lib/gcc/arm-none-eabi/8.2.0/thumb/v7-m/nofp/crtend.o
 .eh_frame      0x0000000000000000        0x4 /usr/lib/gcc/arm-none-eabi/8.2.0/thumb/v7-m/nofp/crtend.o
 .ARM.attributes
                0x0000000000000000       0x2d /usr/lib/gcc/arm-none-eabi/8.2.0/thumb/v7-m/nofp/crtend.o
 .text          0x0000000000000000        0x0 /usr/lib/gcc/arm-none-eabi/8.2.0/thumb/v7-m/nofp/crtn.o
 .data          0x0000000000000000        0x0 /usr/lib/gcc/arm-none-eabi/8.2.0/thumb/v7-m/nofp/crtn.o
 .bss           0x0000000000000000        0x0 /usr/lib/gcc/arm-none-eabi/8.2.0/thumb/v7-m/nofp/crtn.o

Memory Configuration

Name             Origin             Length             Attributes
FLASH            0x0000000008000000 0x0000000000020000 xr
RAM              0x0000000020000000 0x0000000000005000 xrw
*default*        0x0000000000000000 0xffffffffffffffff

Linker script and memory map

LOAD /usr/lib/gcc/arm-none-eabi/8.2.0/thumb/v7-m/nofp/crti.o
LOAD /usr/lib/gcc/arm-none-eabi/8.2.0/thumb/v7-m/nofp/crtbegin.o
LOAD /usr/lib/gcc/arm-none-eabi/8.2.0/../../../../arm-none-eabi/lib/thumb/v7-m/nofp/crt0.o
LOAD /usr/lib/gcc/arm-none-eabi/8.2.0/../../../../arm-none-eabi/lib/thumb/v7-m/nofp/libm.a
LOAD /usr/lib/gcc/arm-none-eabi/8.2.0/../../../../arm-none-eabi/lib/thumb/v7-m/nofp/libm.a
LOAD CMakeFiles/cm3test.elf.dir/src/cm3test/main.cpp.o
LOAD libCMSIS_F1.a
LOAD libSSTM.a
START GROUP
LOAD /usr/lib/gcc/arm-none-eabi/8.2.0/thumb/v7-m/nofp/libgcc.a
LOAD /usr/lib/gcc/arm-none-eabi/8.2.0/../../../../arm-none-eabi/lib/thumb/v7-m/nofp/libg.a
LOAD /usr/lib/gcc/arm-none-eabi/8.2.0/../../../../arm-none-eabi/lib/thumb/v7-m/nofp/libc.a
END GROUP
START GROUP
LOAD /usr/lib/gcc/arm-none-eabi/8.2.0/thumb/v7-m/nofp/libgcc.a
LOAD /usr/lib/gcc/arm-none-eabi/8.2.0/../../../../arm-none-eabi/lib/thumb/v7-m/nofp/libc.a
LOAD /usr/lib/gcc/arm-none-eabi/8.2.0/../../../../arm-none-eabi/lib/thumb/v7-m/nofp/libnosys.a
END GROUP
LOAD /usr/lib/gcc/arm-none-eabi/8.2.0/thumb/v7-m/nofp/crtend.o
LOAD /usr/lib/gcc/arm-none-eabi/8.2.0/thumb/v7-m/nofp/crtn.o
                0x0000000020004fff                _estack = 0x20004fff
                0x0000000000000200                _Min_Heap_Size = 0x200
                0x0000000000000400                _Min_Stack_Size = 0x400

.isr_vector     0x0000000008000000      0x10c
                0x0000000008000000                . = ALIGN (0x4)
 *(.isr_vector)
 .isr_vector    0x0000000008000000      0x10c libCMSIS_F1.a(startup_stm32f103xb.s.o)
                0x0000000008000000                g_pfnVectors
                0x000000000800010c                . = ALIGN (0x4)
                0x000000000800010c                . = ALIGN (0x4)
 *(.isr_vector)
                0x000000000800010c                . = ALIGN (0x4)
                0x000000000800010c                . = ALIGN (0x4)
 *(.isr_vector)
                0x000000000800010c                . = ALIGN (0x4)

.text           0x000000000800010c     0x1384
                0x000000000800010c                . = ALIGN (0x4)
 *(.text)
 .text          0x000000000800010c       0x3a CMakeFiles/cm3test.elf.dir/src/cm3test/main.cpp.o
                0x000000000800010c                main
 *fill*         0x0000000008000146        0x2 
 .text          0x0000000008000148      0x144 libCMSIS_F1.a(system_stm32f1xx.c.o)
                0x0000000008000148                SystemInit
                0x00000000080001b0                SystemCoreClockUpdate
 .text          0x000000000800028c       0x8c libSSTM.a(SSTM_GPIO.cpp.o)
                0x000000000800028c                SSTM_GPIO::SSTM_GPIO()
                0x000000000800028c                SSTM_GPIO::SSTM_GPIO()
                0x00000000080002a0                SSTM_GPIO::init()
                0x00000000080002f4                SSTM_GPIO::toggle()
 .text          0x0000000008000318      0x10c libSSTM.a(SSTM_SysTick.cpp.o)
                0x00000000080003b4                SSTM_SysTick_Init()
                0x00000000080003dc                SysTick_Handler
                0x00000000080003f8                SSTM_SysTick_Delay(unsigned long)
 .text          0x0000000008000424        0xc libSSTM.a(SSTM.cpp.o)
                0x0000000008000424                SSTM_Init()
 .text          0x0000000008000430      0x1ac /usr/lib/gcc/arm-none-eabi/8.2.0/thumb/v7-m/nofp/libgcc.a(libunwind.o)
                0x0000000008000430                __restore_core_regs
                0x0000000008000430                restore_core_regs
                0x0000000008000448                __gnu_Unwind_Restore_VFP
                0x0000000008000450                __gnu_Unwind_Save_VFP
                0x0000000008000458                __gnu_Unwind_Restore_VFP_D
                0x0000000008000460                __gnu_Unwind_Save_VFP_D
                0x0000000008000468                __gnu_Unwind_Restore_VFP_D_16_to_31
                0x0000000008000470                __gnu_Unwind_Save_VFP_D_16_to_31
                0x0000000008000478                __gnu_Unwind_Restore_WMMXD
                0x00000000080004bc                __gnu_Unwind_Save_WMMXD
                0x0000000008000500                __gnu_Unwind_Restore_WMMXC
                0x0000000008000514                __gnu_Unwind_Save_WMMXC
                0x0000000008000528                ___Unwind_RaiseException
                0x0000000008000528                _Unwind_RaiseException
                0x000000000800054c                ___Unwind_Resume
                0x000000000800054c                _Unwind_Resume
                0x0000000008000570                _Unwind_Resume_or_Rethrow
                0x0000000008000570                ___Unwind_Resume_or_Rethrow
                0x0000000008000594                ___Unwind_ForcedUnwind
                0x0000000008000594                _Unwind_ForcedUnwind
                0x00000000080005b8                _Unwind_Backtrace
                0x00000000080005b8                ___Unwind_Backtrace
 .text          0x00000000080005dc       0xec /usr/lib/gcc/arm-none-eabi/8.2.0/../../../../arm-none-eabi/lib/thumb/v7-m/nofp/libg.a(lib_a-memcpy.o)
                0x00000000080005dc                memcpy
 *(.text*)
 .text.__do_global_dtors_aux
                0x00000000080006c8       0x24 /usr/lib/gcc/arm-none-eabi/8.2.0/thumb/v7-m/nofp/crtbegin.o
 .text.frame_dummy
                0x00000000080006ec       0x1c /usr/lib/gcc/arm-none-eabi/8.2.0/thumb/v7-m/nofp/crtbegin.o
 .text.Reset_Handler
                0x0000000008000708       0x48 libCMSIS_F1.a(startup_stm32f103xb.s.o)
                0x0000000008000708                Reset_Handler
 .text.Default_Handler
                0x0000000008000750        0x2 libCMSIS_F1.a(startup_stm32f103xb.s.o)
                0x0000000008000750                RTC_Alarm_IRQHandler
                0x0000000008000750                EXTI2_IRQHandler
                0x0000000008000750                DebugMon_Handler
                0x0000000008000750                TIM1_CC_IRQHandler
                0x0000000008000750                HardFault_Handler
                0x0000000008000750                PVD_IRQHandler
                0x0000000008000750                PendSV_Handler
                0x0000000008000750                NMI_Handler
                0x0000000008000750                EXTI3_IRQHandler
                0x0000000008000750                EXTI0_IRQHandler
                0x0000000008000750                I2C2_EV_IRQHandler
                0x0000000008000750                UsageFault_Handler
                0x0000000008000750                ADC1_2_IRQHandler
                0x0000000008000750                SPI1_IRQHandler
                0x0000000008000750                TAMPER_IRQHandler
                0x0000000008000750                DMA1_Channel4_IRQHandler
                0x0000000008000750                USART3_IRQHandler
                0x0000000008000750                RTC_IRQHandler
                0x0000000008000750                DMA1_Channel7_IRQHandler
                0x0000000008000750                CAN1_RX1_IRQHandler
                0x0000000008000750                TIM4_IRQHandler
                0x0000000008000750                I2C1_EV_IRQHandler
                0x0000000008000750                DMA1_Channel6_IRQHandler
                0x0000000008000750                TIM3_IRQHandler
                0x0000000008000750                RCC_IRQHandler
                0x0000000008000750                TIM1_TRG_COM_IRQHandler
                0x0000000008000750                DMA1_Channel1_IRQHandler
                0x0000000008000750                Default_Handler
                0x0000000008000750                EXTI15_10_IRQHandler
                0x0000000008000750                EXTI9_5_IRQHandler
                0x0000000008000750                SPI2_IRQHandler
                0x0000000008000750                MemManage_Handler
                0x0000000008000750                SVC_Handler
                0x0000000008000750                DMA1_Channel5_IRQHandler
                0x0000000008000750                EXTI4_IRQHandler
                0x0000000008000750                USB_LP_CAN1_RX0_IRQHandler
                0x0000000008000750                USB_HP_CAN1_TX_IRQHandler
                0x0000000008000750                DMA1_Channel3_IRQHandler
                0x0000000008000750                TIM1_UP_IRQHandler
                0x0000000008000750                WWDG_IRQHandler
                0x0000000008000750                TIM2_IRQHandler
                0x0000000008000750                TIM1_BRK_IRQHandler
                0x0000000008000750                EXTI1_IRQHandler
                0x0000000008000750                USART2_IRQHandler
                0x0000000008000750                I2C2_ER_IRQHandler
                0x0000000008000750                DMA1_Channel2_IRQHandler
                0x0000000008000750                CAN1_SCE_IRQHandler
                0x0000000008000750                FLASH_IRQHandler
                0x0000000008000750                BusFault_Handler
                0x0000000008000750                USART1_IRQHandler
                0x0000000008000750                I2C1_ER_IRQHandler
                0x0000000008000750                USBWakeUp_IRQHandler
 .text.selfrel_offset31
                0x0000000008000752       0x12 /usr/lib/gcc/arm-none-eabi/8.2.0/thumb/v7-m/nofp/libgcc.a(unwind-arm.o)
 .text.search_EIT_table
                0x0000000008000764       0x5e /usr/lib/gcc/arm-none-eabi/8.2.0/thumb/v7-m/nofp/libgcc.a(unwind-arm.o)
 *fill*         0x00000000080007c2        0x2 
 .text.__gnu_unwind_get_pr_addr
                0x00000000080007c4       0x28 /usr/lib/gcc/arm-none-eabi/8.2.0/thumb/v7-m/nofp/libgcc.a(unwind-arm.o)
 .text.get_eit_entry
                0x00000000080007ec       0x94 /usr/lib/gcc/arm-none-eabi/8.2.0/thumb/v7-m/nofp/libgcc.a(unwind-arm.o)
 .text.restore_non_core_regs
                0x0000000008000880       0x4c /usr/lib/gcc/arm-none-eabi/8.2.0/thumb/v7-m/nofp/libgcc.a(unwind-arm.o)
 .text._Unwind_decode_typeinfo_ptr.isra.0
                0x00000000080008cc        0xa /usr/lib/gcc/arm-none-eabi/8.2.0/thumb/v7-m/nofp/libgcc.a(unwind-arm.o)
 .text._Unwind_DebugHook
                0x00000000080008d6        0x2 /usr/lib/gcc/arm-none-eabi/8.2.0/thumb/v7-m/nofp/libgcc.a(unwind-arm.o)
 .text.unwind_phase2
                0x00000000080008d8       0x3a /usr/lib/gcc/arm-none-eabi/8.2.0/thumb/v7-m/nofp/libgcc.a(unwind-arm.o)
 .text.unwind_phase2_forced
                0x0000000008000912       0xb6 /usr/lib/gcc/arm-none-eabi/8.2.0/thumb/v7-m/nofp/libgcc.a(unwind-arm.o)
 .text.__gnu_Unwind_RaiseException
                0x00000000080009c8       0x5a /usr/lib/gcc/arm-none-eabi/8.2.0/thumb/v7-m/nofp/libgcc.a(unwind-arm.o)
                0x00000000080009c8                __gnu_Unwind_RaiseException
 .text.__gnu_Unwind_ForcedUnwind
                0x0000000008000a22       0x14 /usr/lib/gcc/arm-none-eabi/8.2.0/thumb/v7-m/nofp/libgcc.a(unwind-arm.o)
                0x0000000008000a22                __gnu_Unwind_ForcedUnwind
 .text.__gnu_Unwind_Resume
                0x0000000008000a36       0x40 /usr/lib/gcc/arm-none-eabi/8.2.0/thumb/v7-m/nofp/libgcc.a(unwind-arm.o)
                0x0000000008000a36                __gnu_Unwind_Resume
 .text.__gnu_Unwind_Resume_or_Rethrow
                0x0000000008000a76       0x12 /usr/lib/gcc/arm-none-eabi/8.2.0/thumb/v7-m/nofp/libgcc.a(unwind-arm.o)
                0x0000000008000a76                __gnu_Unwind_Resume_or_Rethrow
 .text._Unwind_VRS_Get
                0x0000000008000a88       0x2a /usr/lib/gcc/arm-none-eabi/8.2.0/thumb/v7-m/nofp/libgcc.a(unwind-arm.o)
                0x0000000008000a88                _Unwind_VRS_Get
 .text._Unwind_GetGR
                0x0000000008000ab2       0x18 /usr/lib/gcc/arm-none-eabi/8.2.0/thumb/v7-m/nofp/libgcc.a(unwind-arm.o)
 .text._Unwind_VRS_Set
                0x0000000008000aca       0x2a /usr/lib/gcc/arm-none-eabi/8.2.0/thumb/v7-m/nofp/libgcc.a(unwind-arm.o)
                0x0000000008000aca                _Unwind_VRS_Set
 .text._Unwind_SetGR
                0x0000000008000af4       0x18 /usr/lib/gcc/arm-none-eabi/8.2.0/thumb/v7-m/nofp/libgcc.a(unwind-arm.o)
 .text.__gnu_Unwind_Backtrace
                0x0000000008000b0c       0x6c /usr/lib/gcc/arm-none-eabi/8.2.0/thumb/v7-m/nofp/libgcc.a(unwind-arm.o)
                0x0000000008000b0c                __gnu_Unwind_Backtrace
 .text.__gnu_unwind_pr_common
                0x0000000008000b78      0x240 /usr/lib/gcc/arm-none-eabi/8.2.0/thumb/v7-m/nofp/libgcc.a(unwind-arm.o)
 .text.__aeabi_unwind_cpp_pr0
                0x0000000008000db8        0x6 /usr/lib/gcc/arm-none-eabi/8.2.0/thumb/v7-m/nofp/libgcc.a(unwind-arm.o)
                0x0000000008000db8                __aeabi_unwind_cpp_pr0
 .text.__aeabi_unwind_cpp_pr1
                0x0000000008000dbe        0x6 /usr/lib/gcc/arm-none-eabi/8.2.0/thumb/v7-m/nofp/libgcc.a(unwind-arm.o)
                0x0000000008000dbe                __aeabi_unwind_cpp_pr1
 .text.__aeabi_unwind_cpp_pr2
                0x0000000008000dc4        0x6 /usr/lib/gcc/arm-none-eabi/8.2.0/thumb/v7-m/nofp/libgcc.a(unwind-arm.o)
                0x0000000008000dc4                __aeabi_unwind_cpp_pr2
 .text._Unwind_VRS_Pop
                0x0000000008000dca      0x238 /usr/lib/gcc/arm-none-eabi/8.2.0/thumb/v7-m/nofp/libgcc.a(unwind-arm.o)
                0x0000000008000dca                _Unwind_VRS_Pop
 .text.next_unwind_byte
                0x0000000008001002       0x2e /usr/lib/gcc/arm-none-eabi/8.2.0/thumb/v7-m/nofp/libgcc.a(pr-support.o)
 .text.__gnu_unwind_execute
                0x0000000008001030      0x23e /usr/lib/gcc/arm-none-eabi/8.2.0/thumb/v7-m/nofp/libgcc.a(pr-support.o)
                0x0000000008001030                __gnu_unwind_execute
 *fill*         0x000000000800126e        0x2 
 .text.abort    0x0000000008001270       0x10 /usr/lib/gcc/arm-none-eabi/8.2.0/../../../../arm-none-eabi/lib/thumb/v7-m/nofp/libg.a(lib_a-abort.o)
                0x0000000008001270                abort
 .text.atexit   0x0000000008001280        0xc /usr/lib/gcc/arm-none-eabi/8.2.0/../../../../arm-none-eabi/lib/thumb/v7-m/nofp/libg.a(lib_a-atexit.o)
                0x0000000008001280                atexit
 .text.__libc_fini_array
                0x000000000800128c       0x34 /usr/lib/gcc/arm-none-eabi/8.2.0/../../../../arm-none-eabi/lib/thumb/v7-m/nofp/libg.a(lib_a-fini.o)
                0x000000000800128c                __libc_fini_array
 .text.__libc_init_array
                0x00000000080012c0       0x48 /usr/lib/gcc/arm-none-eabi/8.2.0/../../../../arm-none-eabi/lib/thumb/v7-m/nofp/libg.a(lib_a-init.o)
                0x00000000080012c0                __libc_init_array
 .text._raise_r
                0x0000000008001308       0x58 /usr/lib/gcc/arm-none-eabi/8.2.0/../../../../arm-none-eabi/lib/thumb/v7-m/nofp/libg.a(lib_a-signal.o)
                0x0000000008001308                _raise_r
 .text.raise    0x0000000008001360       0x10 /usr/lib/gcc/arm-none-eabi/8.2.0/../../../../arm-none-eabi/lib/thumb/v7-m/nofp/libg.a(lib_a-signal.o)
                0x0000000008001360                raise
 .text._kill_r  0x0000000008001370       0x28 /usr/lib/gcc/arm-none-eabi/8.2.0/../../../../arm-none-eabi/lib/thumb/v7-m/nofp/libg.a(lib_a-signalr.o)
                0x0000000008001370                _kill_r
 .text._getpid_r
                0x0000000008001398        0x4 /usr/lib/gcc/arm-none-eabi/8.2.0/../../../../arm-none-eabi/lib/thumb/v7-m/nofp/libg.a(lib_a-signalr.o)
                0x0000000008001398                _getpid_r
 .text.__register_exitproc
                0x000000000800139c       0xa4 /usr/lib/gcc/arm-none-eabi/8.2.0/../../../../arm-none-eabi/lib/thumb/v7-m/nofp/libg.a(lib_a-__atexit.o)
                0x000000000800139c                __register_exitproc
 .text.startup.register_fini
                0x0000000008001440       0x14 /usr/lib/gcc/arm-none-eabi/8.2.0/../../../../arm-none-eabi/lib/thumb/v7-m/nofp/libg.a(lib_a-__call_atexit.o)
 .text._getpid  0x0000000008001454       0x10 /usr/lib/gcc/arm-none-eabi/8.2.0/../../../../arm-none-eabi/lib/thumb/v7-m/nofp/libnosys.a(getpid.o)
                0x0000000008001454                _getpid
 .text._kill    0x0000000008001464       0x10 /usr/lib/gcc/arm-none-eabi/8.2.0/../../../../arm-none-eabi/lib/thumb/v7-m/nofp/libnosys.a(kill.o)
                0x0000000008001464                _kill
 .text._exit    0x0000000008001474        0x4 /usr/lib/gcc/arm-none-eabi/8.2.0/../../../../arm-none-eabi/lib/thumb/v7-m/nofp/libnosys.a(_exit.o)
                0x0000000008001474                _exit
 *(.glue_7)
 .glue_7        0x0000000008001478        0x0 linker stubs
 *(.glue_7t)
 .glue_7t       0x0000000008001478        0x0 linker stubs
 *(.eh_frame)
 .eh_frame      0x0000000008001478        0x0 /usr/lib/gcc/arm-none-eabi/8.2.0/thumb/v7-m/nofp/crtbegin.o
 *(.init)
 .init          0x0000000008001478        0x4 /usr/lib/gcc/arm-none-eabi/8.2.0/thumb/v7-m/nofp/crti.o
                0x0000000008001478                _init
 .init          0x000000000800147c        0x8 /usr/lib/gcc/arm-none-eabi/8.2.0/thumb/v7-m/nofp/crtn.o
 *(.fini)
 .fini          0x0000000008001484        0x4 /usr/lib/gcc/arm-none-eabi/8.2.0/thumb/v7-m/nofp/crti.o
                0x0000000008001484                _fini
 .fini          0x0000000008001488        0x8 /usr/lib/gcc/arm-none-eabi/8.2.0/thumb/v7-m/nofp/crtn.o
                0x0000000008001490                . = ALIGN (0x4)
                0x0000000008001490                _etext = .
                0x0000000008001490                . = ALIGN (0x4)
 *(.text)
 *(.text*)
 *(.glue_7)
 *(.glue_7t)
 *(.eh_frame)
 *(.init)
 *(.fini)
                0x0000000008001490                . = ALIGN (0x4)
                0x0000000008001490                _etext = .
                0x0000000008001490                . = ALIGN (0x4)
 *(.text)
 *(.text*)
 *(.glue_7)
 *(.glue_7t)
 *(.eh_frame)
 *(.init)
 *(.fini)
                0x0000000008001490                . = ALIGN (0x4)
                0x0000000008001490                _etext = .

.vfp11_veneer   0x0000000008001490        0x0
 .vfp11_veneer  0x0000000008001490        0x0 linker stubs

.v4_bx          0x0000000008001490        0x0
 .v4_bx         0x0000000008001490        0x0 linker stubs

.iplt           0x0000000008001490        0x0
 .iplt          0x0000000008001490        0x0 /usr/lib/gcc/arm-none-eabi/8.2.0/thumb/v7-m/nofp/crtbegin.o

.rodata         0x0000000008001490       0x1c
                0x0000000008001490                . = ALIGN (0x4)
 *(.rodata)
 .rodata        0x0000000008001490       0x18 libCMSIS_F1.a(system_stm32f1xx.c.o)
                0x0000000008001490                AHBPrescTable
                0x00000000080014a0                APBPrescTable
 *(.rodata*)
 .rodata._global_impure_ptr
                0x00000000080014a8        0x4 /usr/lib/gcc/arm-none-eabi/8.2.0/../../../../arm-none-eabi/lib/thumb/v7-m/nofp/libg.a(lib_a-impure.o)
                0x00000000080014a8                _global_impure_ptr
                0x00000000080014ac                . = ALIGN (0x4)
                0x00000000080014ac                . = ALIGN (0x4)
 *(.rodata)
 *(.rodata*)
                0x00000000080014ac                . = ALIGN (0x4)
                0x00000000080014ac                . = ALIGN (0x4)
 *(.rodata)
 *(.rodata*)
                0x00000000080014ac                . = ALIGN (0x4)

.ARM.extab      0x00000000080014ac        0xc
 *(.ARM.extab* .gnu.linkonce.armextab.*)
 .ARM.extab     0x00000000080014ac        0xc CMakeFiles/cm3test.elf.dir/src/cm3test/main.cpp.o
 *(.ARM.extab* .gnu.linkonce.armextab.*)
 *(.ARM.extab* .gnu.linkonce.armextab.*)

.ARM            0x00000000080014b8       0xb0
                0x00000000080014b8                __exidx_start = .
 *(.ARM.exidx*)
 .ARM.exidx     0x00000000080014b8       0x10 CMakeFiles/cm3test.elf.dir/src/cm3test/main.cpp.o
                                          0x8 (size before relaxing)
 .ARM.exidx     0x00000000080014c8        0x0 libSSTM.a(SSTM_GPIO.cpp.o)
                                         0x18 (size before relaxing)
 .ARM.exidx     0x00000000080014c8       0x10 libSSTM.a(SSTM_SysTick.cpp.o)
                                         0x28 (size before relaxing)
 .ARM.exidx     0x00000000080014d8       0x10 libSSTM.a(SSTM.cpp.o)
                                          0x8 (size before relaxing)
 .ARM.exidx.text.selfrel_offset31
                0x00000000080014e8        0x0 /usr/lib/gcc/arm-none-eabi/8.2.0/thumb/v7-m/nofp/libgcc.a(unwind-arm.o)
                                          0x8 (size before relaxing)
 .ARM.exidx.text.search_EIT_table
                0x00000000080014e8        0x0 /usr/lib/gcc/arm-none-eabi/8.2.0/thumb/v7-m/nofp/libgcc.a(unwind-arm.o)
                                          0x8 (size before relaxing)
 .ARM.exidx.text.__gnu_unwind_get_pr_addr
                0x00000000080014e8        0x0 /usr/lib/gcc/arm-none-eabi/8.2.0/thumb/v7-m/nofp/libgcc.a(unwind-arm.o)
                                          0x8 (size before relaxing)
 .ARM.exidx.text.get_eit_entry
                0x00000000080014e8        0x8 /usr/lib/gcc/arm-none-eabi/8.2.0/thumb/v7-m/nofp/libgcc.a(unwind-arm.o)
 .ARM.exidx.text.restore_non_core_regs
                0x00000000080014f0        0x8 /usr/lib/gcc/arm-none-eabi/8.2.0/thumb/v7-m/nofp/libgcc.a(unwind-arm.o)
 .ARM.exidx.text._Unwind_decode_typeinfo_ptr.isra.0
                0x00000000080014f8        0x8 /usr/lib/gcc/arm-none-eabi/8.2.0/thumb/v7-m/nofp/libgcc.a(unwind-arm.o)
 .ARM.exidx.text._Unwind_DebugHook
                0x0000000008001500        0x0 /usr/lib/gcc/arm-none-eabi/8.2.0/thumb/v7-m/nofp/libgcc.a(unwind-arm.o)
                                          0x8 (size before relaxing)
 .ARM.exidx.text.unwind_phase2
                0x0000000008001500        0x8 /usr/lib/gcc/arm-none-eabi/8.2.0/thumb/v7-m/nofp/libgcc.a(unwind-arm.o)
 .ARM.exidx.text.unwind_phase2_forced
                0x0000000008001508        0x8 /usr/lib/gcc/arm-none-eabi/8.2.0/thumb/v7-m/nofp/libgcc.a(unwind-arm.o)
 .ARM.exidx.text.__gnu_Unwind_RaiseException
                0x0000000008001510        0x8 /usr/lib/gcc/arm-none-eabi/8.2.0/thumb/v7-m/nofp/libgcc.a(unwind-arm.o)
 .ARM.exidx.text.__gnu_Unwind_ForcedUnwind
                0x0000000008001518        0x8 /usr/lib/gcc/arm-none-eabi/8.2.0/thumb/v7-m/nofp/libgcc.a(unwind-arm.o)
 .ARM.exidx.text.__gnu_Unwind_Resume
                0x0000000008001520        0x8 /usr/lib/gcc/arm-none-eabi/8.2.0/thumb/v7-m/nofp/libgcc.a(unwind-arm.o)
 .ARM.exidx.text.__gnu_Unwind_Resume_or_Rethrow
                0x0000000008001528        0x8 /usr/lib/gcc/arm-none-eabi/8.2.0/thumb/v7-m/nofp/libgcc.a(unwind-arm.o)
 .ARM.exidx.text._Unwind_VRS_Get
                0x0000000008001530        0x0 /usr/lib/gcc/arm-none-eabi/8.2.0/thumb/v7-m/nofp/libgcc.a(unwind-arm.o)
                                          0x8 (size before relaxing)
 .ARM.exidx.text._Unwind_GetGR
                0x0000000008001530        0x0 /usr/lib/gcc/arm-none-eabi/8.2.0/thumb/v7-m/nofp/libgcc.a(unwind-arm.o)
                                          0x8 (size before relaxing)
 .ARM.exidx.text._Unwind_VRS_Set
                0x0000000008001530        0x0 /usr/lib/gcc/arm-none-eabi/8.2.0/thumb/v7-m/nofp/libgcc.a(unwind-arm.o)
                                          0x8 (size before relaxing)
 .ARM.exidx.text._Unwind_SetGR
                0x0000000008001530        0x0 /usr/lib/gcc/arm-none-eabi/8.2.0/thumb/v7-m/nofp/libgcc.a(unwind-arm.o)
                                          0x8 (size before relaxing)
 .ARM.exidx.text.__gnu_Unwind_Backtrace
                0x0000000008001530        0x8 /usr/lib/gcc/arm-none-eabi/8.2.0/thumb/v7-m/nofp/libgcc.a(unwind-arm.o)
 .ARM.exidx.text.__gnu_unwind_pr_common
                0x0000000008001538        0x8 /usr/lib/gcc/arm-none-eabi/8.2.0/thumb/v7-m/nofp/libgcc.a(unwind-arm.o)
 .ARM.exidx.text.__aeabi_unwind_cpp_pr0
                0x0000000008001540        0x8 /usr/lib/gcc/arm-none-eabi/8.2.0/thumb/v7-m/nofp/libgcc.a(unwind-arm.o)
 .ARM.exidx.text.__aeabi_unwind_cpp_pr1
                0x0000000008001548        0x0 /usr/lib/gcc/arm-none-eabi/8.2.0/thumb/v7-m/nofp/libgcc.a(unwind-arm.o)
                                          0x8 (size before relaxing)
 .ARM.exidx.text.__aeabi_unwind_cpp_pr2
                0x0000000008001548        0x0 /usr/lib/gcc/arm-none-eabi/8.2.0/thumb/v7-m/nofp/libgcc.a(unwind-arm.o)
                                          0x8 (size before relaxing)
 .ARM.exidx.text._Unwind_VRS_Pop
                0x0000000008001548        0x8 /usr/lib/gcc/arm-none-eabi/8.2.0/thumb/v7-m/nofp/libgcc.a(unwind-arm.o)
 .ARM.exidx.text.next_unwind_byte
                0x0000000008001550        0x8 /usr/lib/gcc/arm-none-eabi/8.2.0/thumb/v7-m/nofp/libgcc.a(pr-support.o)
 .ARM.exidx.text.__gnu_unwind_execute
                0x0000000008001558       0x10 /usr/lib/gcc/arm-none-eabi/8.2.0/thumb/v7-m/nofp/libgcc.a(pr-support.o)
                                          0x8 (size before relaxing)
                0x0000000008001568                __exidx_end = .
                0x0000000008001568                __exidx_start = .
 *(.ARM.exidx*)
                0x0000000008001568                __exidx_end = .
                0x0000000008001568                __exidx_start = .
 *(.ARM.exidx*)
                0x0000000008001568                __exidx_end = .

.rel.dyn        0x0000000008001568        0x0
 .rel.iplt      0x0000000008001568        0x0 /usr/lib/gcc/arm-none-eabi/8.2.0/thumb/v7-m/nofp/crtbegin.o

.preinit_array  0x0000000008001568        0x0
                0x0000000008001568                PROVIDE (__preinit_array_start = .)
 *(.preinit_array*)
                0x0000000008001568                PROVIDE (__preinit_array_end = .)
                [!provide]                        PROVIDE (__preinit_array_start = .)
 *(.preinit_array*)
                [!provide]                        PROVIDE (__preinit_array_end = .)
                [!provide]                        PROVIDE (__preinit_array_start = .)
 *(.preinit_array*)
                [!provide]                        PROVIDE (__preinit_array_end = .)

.init_array     0x0000000008001568        0x8
                0x0000000008001568                PROVIDE (__init_array_start = .)
 *(SORT_BY_NAME(.init_array.*))
 .init_array.00000
                0x0000000008001568        0x4 /usr/lib/gcc/arm-none-eabi/8.2.0/../../../../arm-none-eabi/lib/thumb/v7-m/nofp/libg.a(lib_a-__call_atexit.o)
 *(.init_array*)
 .init_array    0x000000000800156c        0x4 /usr/lib/gcc/arm-none-eabi/8.2.0/thumb/v7-m/nofp/crtbegin.o
                0x0000000008001570                PROVIDE (__init_array_end = .)
                [!provide]                        PROVIDE (__init_array_start = .)
 *(SORT_BY_NAME(.init_array.*))
 *(.init_array*)
                [!provide]                        PROVIDE (__init_array_end = .)
                [!provide]                        PROVIDE (__init_array_start = .)
 *(SORT_BY_NAME(.init_array.*))
 *(.init_array*)
                [!provide]                        PROVIDE (__init_array_end = .)

.fini_array     0x0000000008001570        0x4
                0x0000000008001570                PROVIDE (__fini_array_start = .)
 *(SORT_BY_NAME(.fini_array.*))
 *(.fini_array*)
 .fini_array    0x0000000008001570        0x4 /usr/lib/gcc/arm-none-eabi/8.2.0/thumb/v7-m/nofp/crtbegin.o
                0x0000000008001574                PROVIDE (__fini_array_end = .)
                [!provide]                        PROVIDE (__fini_array_start = .)
 *(SORT_BY_NAME(.fini_array.*))
 *(.fini_array*)
                [!provide]                        PROVIDE (__fini_array_end = .)
                [!provide]                        PROVIDE (__fini_array_start = .)
 *(SORT_BY_NAME(.fini_array.*))
 *(.fini_array*)
                [!provide]                        PROVIDE (__fini_array_end = .)
                0x0000000008001574                _sidata = LOADADDR (.data)

.data           0x0000000020000000      0x430 load address 0x0000000008001574
                0x0000000020000000                . = ALIGN (0x4)
                0x0000000020000000                _sdata = .
 *(.data)
 .data          0x0000000020000000        0x4 libCMSIS_F1.a(system_stm32f1xx.c.o)
                0x0000000020000000                SystemCoreClock
 *(.data*)
 .data._impure_ptr
                0x0000000020000004        0x4 /usr/lib/gcc/arm-none-eabi/8.2.0/../../../../arm-none-eabi/lib/thumb/v7-m/nofp/libg.a(lib_a-impure.o)
                0x0000000020000004                _impure_ptr
 .data.impure_data
                0x0000000020000008      0x428 /usr/lib/gcc/arm-none-eabi/8.2.0/../../../../arm-none-eabi/lib/thumb/v7-m/nofp/libg.a(lib_a-impure.o)
                0x0000000020000430                . = ALIGN (0x4)
                0x0000000020000430                _edata = .
                0x0000000020000430                . = ALIGN (0x4)
                0x0000000020000430                _sdata = .
 *(.data)
 *(.data*)
                0x0000000020000430                . = ALIGN (0x4)
                0x0000000020000430                _edata = .
                0x0000000020000430                . = ALIGN (0x4)
                0x0000000020000430                _sdata = .
 *(.data)
 *(.data*)
                0x0000000020000430                . = ALIGN (0x4)
                0x0000000020000430                _edata = .

.igot.plt       0x0000000020000430        0x0 load address 0x00000000080019a4
 .igot.plt      0x0000000020000430        0x0 /usr/lib/gcc/arm-none-eabi/8.2.0/thumb/v7-m/nofp/crtbegin.o
                0x0000000020000430                . = ALIGN (0x4)

.bss            0x0000000020000430       0x24 load address 0x00000000080019a4
                0x0000000020000430                _sbss = .
                0x0000000020000454                __bss_start__ = _sbss
 *(.bss)
 .bss           0x0000000020000430        0x4 libSSTM.a(SSTM_SysTick.cpp.o)
                0x0000000020000430                systick
 *(.bss*)
 .bss.completed.8856
                0x0000000020000434        0x1 /usr/lib/gcc/arm-none-eabi/8.2.0/thumb/v7-m/nofp/crtbegin.o
 *fill*         0x0000000020000435        0x3 
 .bss.object.8861
                0x0000000020000438       0x18 /usr/lib/gcc/arm-none-eabi/8.2.0/thumb/v7-m/nofp/crtbegin.o
 *(COMMON)
 COMMON         0x0000000020000450        0x4 /usr/lib/gcc/arm-none-eabi/8.2.0/../../../../arm-none-eabi/lib/thumb/v7-m/nofp/libg.a(lib_a-reent.o)
                0x0000000020000450                errno
                0x0000000020000454                . = ALIGN (0x4)
                0x0000000020000454                _ebss = .
                0x0000000020000454                __bss_end__ = _ebss
                0x0000000020000454                _sbss = .
                0x0000000020000454                __bss_start__ = _sbss
 *(.bss)
 *(.bss*)
 *(COMMON)
                0x0000000020000454                . = ALIGN (0x4)
                0x0000000020000454                _ebss = .
                0x0000000020000454                __bss_end__ = _ebss
                0x0000000020000454                _sbss = .
                0x0000000020000454                __bss_start__ = _sbss
 *(.bss)
 *(.bss*)
 *(COMMON)
                0x0000000020000454                . = ALIGN (0x4)
                0x0000000020000454                _ebss = .
                0x0000000020000454                __bss_end__ = _ebss

._user_heap_stack
                0x0000000020000454     0x1200 load address 0x00000000080019a4
                0x0000000020000454                . = ALIGN (0x4)
                0x0000000020000454                PROVIDE (end = .)
                [!provide]                        PROVIDE (_end = .)
                0x0000000020000654                . = (. + _Min_Heap_Size)
 *fill*         0x0000000020000454      0x200 
                0x0000000020000a54                . = (. + _Min_Stack_Size)
 *fill*         0x0000000020000654      0x400 
                0x0000000020000a54                . = ALIGN (0x4)
                0x0000000020000a54                . = ALIGN (0x4)
                [!provide]                        PROVIDE (end = .)
                [!provide]                        PROVIDE (_end = .)
                0x0000000020000c54                . = (. + _Min_Heap_Size)
 *fill*         0x0000000020000a54      0x200 
                0x0000000020001054                . = (. + _Min_Stack_Size)
 *fill*         0x0000000020000c54      0x400 
                0x0000000020001054                . = ALIGN (0x4)
                0x0000000020001054                . = ALIGN (0x4)
                [!provide]                        PROVIDE (end = .)
                [!provide]                        PROVIDE (_end = .)
                0x0000000020001254                . = (. + _Min_Heap_Size)
 *fill*         0x0000000020001054      0x200 
                0x0000000020001654                . = (. + _Min_Stack_Size)
 *fill*         0x0000000020001254      0x400 
                0x0000000020001654                . = ALIGN (0x4)

/DISCARD/
 libc.a(*)
 libm.a(*)
 libgcc.a(*)
 libc.a(*)
 libm.a(*)
 libgcc.a(*)
 libc.a(*)
 libm.a(*)
 libgcc.a(*)

.ARM.attributes
                0x0000000020000430       0x29
 *(.ARM.attributes)
 .ARM.attributes
                0x0000000020000430       0x1d /usr/lib/gcc/arm-none-eabi/8.2.0/thumb/v7-m/nofp/crti.o
 .ARM.attributes
                0x000000002000044d       0x2d /usr/lib/gcc/arm-none-eabi/8.2.0/thumb/v7-m/nofp/crtbegin.o
 .ARM.attributes
                0x000000002000047a       0x2d CMakeFiles/cm3test.elf.dir/src/cm3test/main.cpp.o
 .ARM.attributes
                0x00000000200004a7       0x21 libCMSIS_F1.a(startup_stm32f103xb.s.o)
 .ARM.attributes
                0x00000000200004c8       0x2d libCMSIS_F1.a(system_stm32f1xx.c.o)
 .ARM.attributes
                0x00000000200004f5       0x2d libSSTM.a(SSTM_GPIO.cpp.o)
 .ARM.attributes
                0x0000000020000522       0x2d libSSTM.a(SSTM_SysTick.cpp.o)
 .ARM.attributes
                0x000000002000054f       0x2d libSSTM.a(SSTM.cpp.o)
 .ARM.attributes
                0x000000002000057c       0x2d /usr/lib/gcc/arm-none-eabi/8.2.0/../../../../arm-none-eabi/lib/thumb/v7-m/nofp/libg.a(lib_a-atexit.o)
 .ARM.attributes
                0x00000000200005a9       0x2d /usr/lib/gcc/arm-none-eabi/8.2.0/../../../../arm-none-eabi/lib/thumb/v7-m/nofp/libg.a(lib_a-fini.o)
 .ARM.attributes
                0x00000000200005d6       0x2d /usr/lib/gcc/arm-none-eabi/8.2.0/../../../../arm-none-eabi/lib/thumb/v7-m/nofp/libg.a(lib_a-impure.o)
 .ARM.attributes
                0x0000000020000603       0x2d /usr/lib/gcc/arm-none-eabi/8.2.0/../../../../arm-none-eabi/lib/thumb/v7-m/nofp/libg.a(lib_a-init.o)
 .ARM.attributes
                0x0000000020000630       0x2d /usr/lib/gcc/arm-none-eabi/8.2.0/../../../../arm-none-eabi/lib/thumb/v7-m/nofp/libg.a(lib_a-__atexit.o)
 .ARM.attributes
                0x000000002000065d       0x2d /usr/lib/gcc/arm-none-eabi/8.2.0/../../../../arm-none-eabi/lib/thumb/v7-m/nofp/libg.a(lib_a-__call_atexit.o)
 .ARM.attributes
                0x000000002000068a       0x1d /usr/lib/gcc/arm-none-eabi/8.2.0/thumb/v7-m/nofp/crtn.o
 *(.ARM.attributes)
 *(.ARM.attributes)
                0x0000000020004fff                _estack = 0x20004fff
                0x0000000000000200                _Min_Heap_Size = 0x200
                0x0000000000000400                _Min_Stack_Size = 0x400
                0x0000000008001574                _sidata = LOADADDR (.data)
                0x00000000200006a8                . = ALIGN (0x4)
                0x0000000020004fff                _estack = 0x20004fff
                0x0000000000000200                _Min_Heap_Size = 0x200
                0x0000000000000400                _Min_Stack_Size = 0x400
                0x0000000008001574                _sidata = LOADADDR (.data)
                0x00000000200006a8                . = ALIGN (0x4)
OUTPUT(cm3test.elf elf32-littlearm)

.debug_info     0x0000000000000000      0xffd
 .debug_info    0x0000000000000000       0xf7 CMakeFiles/cm3test.elf.dir/src/cm3test/main.cpp.o
 .debug_info    0x00000000000000f7       0x22 libCMSIS_F1.a(startup_stm32f103xb.s.o)
 .debug_info    0x0000000000000119      0x41b libCMSIS_F1.a(system_stm32f1xx.c.o)
 .debug_info    0x0000000000000534      0x336 libSSTM.a(SSTM_GPIO.cpp.o)
 .debug_info    0x000000000000086a      0x711 libSSTM.a(SSTM_SysTick.cpp.o)
 .debug_info    0x0000000000000f7b       0x82 libSSTM.a(SSTM.cpp.o)

.debug_abbrev   0x0000000000000000      0x5e6
 .debug_abbrev  0x0000000000000000       0xc3 CMakeFiles/cm3test.elf.dir/src/cm3test/main.cpp.o
 .debug_abbrev  0x00000000000000c3       0x12 libCMSIS_F1.a(startup_stm32f103xb.s.o)
 .debug_abbrev  0x00000000000000d5      0x14b libCMSIS_F1.a(system_stm32f1xx.c.o)
 .debug_abbrev  0x0000000000000220      0x191 libSSTM.a(SSTM_GPIO.cpp.o)
 .debug_abbrev  0x00000000000003b1      0x1f1 libSSTM.a(SSTM_SysTick.cpp.o)
 .debug_abbrev  0x00000000000005a2       0x44 libSSTM.a(SSTM.cpp.o)

.debug_aranges  0x0000000000000000       0xc8
 .debug_aranges
                0x0000000000000000       0x20 CMakeFiles/cm3test.elf.dir/src/cm3test/main.cpp.o
 .debug_aranges
                0x0000000000000020       0x28 libCMSIS_F1.a(startup_stm32f103xb.s.o)
 .debug_aranges
                0x0000000000000048       0x20 libCMSIS_F1.a(system_stm32f1xx.c.o)
 .debug_aranges
                0x0000000000000068       0x20 libSSTM.a(SSTM_GPIO.cpp.o)
 .debug_aranges
                0x0000000000000088       0x20 libSSTM.a(SSTM_SysTick.cpp.o)
 .debug_aranges
                0x00000000000000a8       0x20 libSSTM.a(SSTM.cpp.o)

.debug_line     0x0000000000000000      0x73d
 .debug_line    0x0000000000000000       0xb2 CMakeFiles/cm3test.elf.dir/src/cm3test/main.cpp.o
 .debug_line    0x00000000000000b2       0xa5 libCMSIS_F1.a(startup_stm32f103xb.s.o)
 .debug_line    0x0000000000000157      0x1ee libCMSIS_F1.a(system_stm32f1xx.c.o)
 .debug_line    0x0000000000000345      0x190 libSSTM.a(SSTM_GPIO.cpp.o)
 .debug_line    0x00000000000004d5      0x203 libSSTM.a(SSTM_SysTick.cpp.o)
 .debug_line    0x00000000000006d8       0x65 libSSTM.a(SSTM.cpp.o)

.debug_str      0x0000000000000000      0x897
 .debug_str     0x0000000000000000      0x150 CMakeFiles/cm3test.elf.dir/src/cm3test/main.cpp.o
                                        0x184 (size before relaxing)
 .debug_str     0x0000000000000150       0x57 libCMSIS_F1.a(startup_stm32f103xb.s.o)
                                         0x7b (size before relaxing)
 .debug_str     0x00000000000001a7      0x1aa libCMSIS_F1.a(system_stm32f1xx.c.o)
                                        0x280 (size before relaxing)
 .debug_str     0x0000000000000351       0x73 libSSTM.a(SSTM_GPIO.cpp.o)
                                        0x277 (size before relaxing)
 .debug_str     0x00000000000003c4      0x48b libSSTM.a(SSTM_SysTick.cpp.o)
                                        0x6a0 (size before relaxing)
 .debug_str     0x000000000000084f       0x48 libSSTM.a(SSTM.cpp.o)
                                        0x13b (size before relaxing)

.comment        0x0000000000000000       0x1d
 .comment       0x0000000000000000       0x1d CMakeFiles/cm3test.elf.dir/src/cm3test/main.cpp.o
                                         0x1e (size before relaxing)
 .comment       0x000000000000001d       0x1e libCMSIS_F1.a(system_stm32f1xx.c.o)
 .comment       0x000000000000001d       0x1e libSSTM.a(SSTM_GPIO.cpp.o)
 .comment       0x000000000000001d       0x1e libSSTM.a(SSTM_SysTick.cpp.o)
 .comment       0x000000000000001d       0x1e libSSTM.a(SSTM.cpp.o)

.debug_frame    0x0000000000000000      0x300
 .debug_frame   0x0000000000000000       0x30 CMakeFiles/cm3test.elf.dir/src/cm3test/main.cpp.o
 .debug_frame   0x0000000000000030       0x58 libCMSIS_F1.a(system_stm32f1xx.c.o)
 .debug_frame   0x0000000000000088       0x88 libSSTM.a(SSTM_GPIO.cpp.o)
 .debug_frame   0x0000000000000110       0xc0 libSSTM.a(SSTM_SysTick.cpp.o)
 .debug_frame   0x00000000000001d0       0x2c libSSTM.a(SSTM.cpp.o)
 .debug_frame   0x00000000000001fc       0x20 /usr/lib/gcc/arm-none-eabi/8.2.0/../../../../arm-none-eabi/lib/thumb/v7-m/nofp/libg.a(lib_a-atexit.o)
 .debug_frame   0x000000000000021c       0x34 /usr/lib/gcc/arm-none-eabi/8.2.0/../../../../arm-none-eabi/lib/thumb/v7-m/nofp/libg.a(lib_a-fini.o)
 .debug_frame   0x0000000000000250       0x2c /usr/lib/gcc/arm-none-eabi/8.2.0/../../../../arm-none-eabi/lib/thumb/v7-m/nofp/libg.a(lib_a-init.o)
 .debug_frame   0x000000000000027c       0x34 /usr/lib/gcc/arm-none-eabi/8.2.0/../../../../arm-none-eabi/lib/thumb/v7-m/nofp/libg.a(lib_a-__atexit.o)
 .debug_frame   0x00000000000002b0       0x50 /usr/lib/gcc/arm-none-eabi/8.2.0/../../../../arm-none-eabi/lib/thumb/v7-m/nofp/libg.a(lib_a-__call_atexit.o)

.debug_ranges   0x0000000000000000       0x20
 .debug_ranges  0x0000000000000000       0x20 libCMSIS_F1.a(startup_stm32f103xb.s.o)

.stabstr        0x0000000000000000       0x76
 .stabstr       0x0000000000000000       0x76 /usr/lib/gcc/arm-none-eabi/8.2.0/../../../../arm-none-eabi/lib/thumb/v7-m/nofp/libnosys.a(getpid.o)
